Archive member included to satisfy reference by file (symbol)

C:/Users/Gianl/.pico-sdk/toolchain/13_2_Rel1/bin/../lib/gcc/arm-none-eabi/13.2.1/thumb/v6-m/nofp\libgcc.a(_dvmd_tls.o)
                              CMakeFiles/Z80DevBoard.dir/pico-sdk/src/rp2_common/pico_divider/divider_hardware.S.obj (__aeabi_idiv0)
C:/Users/Gianl/.pico-sdk/toolchain/13_2_Rel1/bin/../lib/gcc/arm-none-eabi/13.2.1/thumb/v6-m/nofp\libg.a(libc_a-calloc.o)
                              CMakeFiles/Z80DevBoard.dir/pico-sdk/src/rp2_common/pico_malloc/malloc.c.obj (calloc)
C:/Users/Gianl/.pico-sdk/toolchain/13_2_Rel1/bin/../lib/gcc/arm-none-eabi/13.2.1/thumb/v6-m/nofp\libg.a(libc_a-callocr.o)
                              C:/Users/Gianl/.pico-sdk/toolchain/13_2_Rel1/bin/../lib/gcc/arm-none-eabi/13.2.1/thumb/v6-m/nofp\libg.a(libc_a-calloc.o) (_calloc_r)
C:/Users/Gianl/.pico-sdk/toolchain/13_2_Rel1/bin/../lib/gcc/arm-none-eabi/13.2.1/thumb/v6-m/nofp\libg.a(libc_a-malloc.o)
                              CMakeFiles/Z80DevBoard.dir/pico-sdk/src/rp2_common/pico_malloc/malloc.c.obj (malloc)
C:/Users/Gianl/.pico-sdk/toolchain/13_2_Rel1/bin/../lib/gcc/arm-none-eabi/13.2.1/thumb/v6-m/nofp\libg.a(libc_a-mallocr.o)
                              C:/Users/Gianl/.pico-sdk/toolchain/13_2_Rel1/bin/../lib/gcc/arm-none-eabi/13.2.1/thumb/v6-m/nofp\libg.a(libc_a-callocr.o) (_malloc_r)
C:/Users/Gianl/.pico-sdk/toolchain/13_2_Rel1/bin/../lib/gcc/arm-none-eabi/13.2.1/thumb/v6-m/nofp\libg.a(libc_a-mlock.o)
                              C:/Users/Gianl/.pico-sdk/toolchain/13_2_Rel1/bin/../lib/gcc/arm-none-eabi/13.2.1/thumb/v6-m/nofp\libg.a(libc_a-mallocr.o) (__malloc_lock)
C:/Users/Gianl/.pico-sdk/toolchain/13_2_Rel1/bin/../lib/gcc/arm-none-eabi/13.2.1/thumb/v6-m/nofp\libg.a(libc_a-realloc.o)
                              CMakeFiles/Z80DevBoard.dir/pico-sdk/src/rp2_common/pico_malloc/malloc.c.obj (realloc)
C:/Users/Gianl/.pico-sdk/toolchain/13_2_Rel1/bin/../lib/gcc/arm-none-eabi/13.2.1/thumb/v6-m/nofp\libg.a(libc_a-reallocr.o)
                              C:/Users/Gianl/.pico-sdk/toolchain/13_2_Rel1/bin/../lib/gcc/arm-none-eabi/13.2.1/thumb/v6-m/nofp\libg.a(libc_a-realloc.o) (_realloc_r)
C:/Users/Gianl/.pico-sdk/toolchain/13_2_Rel1/bin/../lib/gcc/arm-none-eabi/13.2.1/thumb/v6-m/nofp\libg.a(libc_a-strtoul.o)
                              CMakeFiles/Z80DevBoard.dir/uart.c.obj (strtoul)
C:/Users/Gianl/.pico-sdk/toolchain/13_2_Rel1/bin/../lib/gcc/arm-none-eabi/13.2.1/thumb/v6-m/nofp\libg.a(libc_a-ctype_.o)
                              C:/Users/Gianl/.pico-sdk/toolchain/13_2_Rel1/bin/../lib/gcc/arm-none-eabi/13.2.1/thumb/v6-m/nofp\libg.a(libc_a-strtoul.o) (_ctype_)
C:/Users/Gianl/.pico-sdk/toolchain/13_2_Rel1/bin/../lib/gcc/arm-none-eabi/13.2.1/thumb/v6-m/nofp\libg.a(libc_a-memcmp.o)
                              CMakeFiles/Z80DevBoard.dir/pico-sdk/src/rp2_common/pico_atomic/atomic.c.obj (memcmp)
C:/Users/Gianl/.pico-sdk/toolchain/13_2_Rel1/bin/../lib/gcc/arm-none-eabi/13.2.1/thumb/v6-m/nofp\libg.a(libc_a-memmove.o)
                              C:/Users/Gianl/.pico-sdk/toolchain/13_2_Rel1/bin/../lib/gcc/arm-none-eabi/13.2.1/thumb/v6-m/nofp\libg.a(libc_a-reallocr.o) (memmove)
C:/Users/Gianl/.pico-sdk/toolchain/13_2_Rel1/bin/../lib/gcc/arm-none-eabi/13.2.1/thumb/v6-m/nofp\libg.a(libc_a-strncpy.o)
                              CMakeFiles/Z80DevBoard.dir/uart.c.obj (strncpy)
C:/Users/Gianl/.pico-sdk/toolchain/13_2_Rel1/bin/../lib/gcc/arm-none-eabi/13.2.1/thumb/v6-m/nofp\libg.a(libc_a-strtok.o)
                              CMakeFiles/Z80DevBoard.dir/uart.c.obj (strtok)
C:/Users/Gianl/.pico-sdk/toolchain/13_2_Rel1/bin/../lib/gcc/arm-none-eabi/13.2.1/thumb/v6-m/nofp\libg.a(libc_a-strtok_r.o)
                              C:/Users/Gianl/.pico-sdk/toolchain/13_2_Rel1/bin/../lib/gcc/arm-none-eabi/13.2.1/thumb/v6-m/nofp\libg.a(libc_a-strtok.o) (__strtok_r)
C:/Users/Gianl/.pico-sdk/toolchain/13_2_Rel1/bin/../lib/gcc/arm-none-eabi/13.2.1/thumb/v6-m/nofp\libg.a(libc_a-lcltime_r.o)
                              CMakeFiles/Z80DevBoard.dir/pico-sdk/src/common/pico_util/datetime.c.obj (localtime_r)
C:/Users/Gianl/.pico-sdk/toolchain/13_2_Rel1/bin/../lib/gcc/arm-none-eabi/13.2.1/thumb/v6-m/nofp\libg.a(libc_a-mktime.o)
                              CMakeFiles/Z80DevBoard.dir/pico-sdk/src/common/pico_util/datetime.c.obj (mktime)
C:/Users/Gianl/.pico-sdk/toolchain/13_2_Rel1/bin/../lib/gcc/arm-none-eabi/13.2.1/thumb/v6-m/nofp\libg.a(libc_a-month_lengths.o)
                              C:/Users/Gianl/.pico-sdk/toolchain/13_2_Rel1/bin/../lib/gcc/arm-none-eabi/13.2.1/thumb/v6-m/nofp\libg.a(libc_a-lcltime_r.o) (__month_lengths)
C:/Users/Gianl/.pico-sdk/toolchain/13_2_Rel1/bin/../lib/gcc/arm-none-eabi/13.2.1/thumb/v6-m/nofp\libg.a(libc_a-tzcalc_limits.o)
                              C:/Users/Gianl/.pico-sdk/toolchain/13_2_Rel1/bin/../lib/gcc/arm-none-eabi/13.2.1/thumb/v6-m/nofp\libg.a(libc_a-lcltime_r.o) (__tzcalc_limits)
[...]
Memory Configuration

Name             Origin             Length             Attributes
FLASH            0x10000000         0x00200000         xr
RAM              0x20000000         0x00040000         xrw
SCRATCH_X        0x20040000         0x00001000         xrw
SCRATCH_Y        0x20041000         0x00001000         xrw
*default*        0x00000000         0xffffffff

Linker script and memory map

LOAD C:/Users/Gianl/.pico-sdk/toolchain/13_2_Rel1/bin/../lib/gcc/arm-none-eabi/13.2.1/thumb/v6-m/nofp/crti.o
LOAD C:/Users/Gianl/.pico-sdk/toolchain/13_2_Rel1/bin/../lib/gcc/arm-none-eabi/13.2.1/thumb/v6-m/nofp/crtbegin.o
LOAD C:/Users/Gianl/.pico-sdk/toolchain/13_2_Rel1/bin/../lib/gcc/arm-none-eabi/13.2.1/thumb/v6-m/nofp/crt0.o

.flash_begin    0x10000000        0x0
                0x10000000                        __flash_binary_start = .

.boot2          0x10000000      0x100
                0x10000000                        __boot2_start__ = .
 *(.boot2)
 .boot2         0x10000000      0x100 pico-sdk\src\rp2040\boot_stage2\CMakeFiles\bs2_default_library.dir\bs2_default_padded_checksummed.S.obj
                0x10000100                        __boot2_end__ = .
                0x00000001                        ASSERT (((__boot2_end__ - __boot2_start__) == 0x100), ERROR: Pico second stage bootloader must be 256 bytes in size)

.text           0x10000100     0x85fc
                0x10000100                        __logical_binary_start = .
 *(.vectors)
 .vectors       0x10000100       0xd4 CMakeFiles/Z80DevBoard.dir/pico-sdk/src/rp2_common/pico_crt0/crt0.S.obj
                0x10000100                __VECTOR_TABLE
                0x10000100                __vectors
                0x100001c0                isr_irq13
                0x100001c0                isr_irq27
                0x100001c0                isr_irq31
                0x100001c0                isr_irq12
                0x100001c0                isr_irq5
                0x100001c0                isr_irq11
                0x100001c0                isr_irq3
                0x100001c0                isr_irq23
                0x100001c0                __unhandled_user_irq
                0x100001c0                isr_irq26
                0x100001c0                isr_irq28
                0x100001c0                isr_irq19
                0x100001c0                isr_irq0
                0x100001c0                isr_irq6
                0x100001c0                isr_irq29
                0x100001c0                isr_irq16
                0x100001c0                isr_irq22
                0x100001c0                isr_irq18
                0x100001c0                isr_irq17
                0x100001c0                isr_irq14
                0x100001c0                __vectors_end
                0x100001c0                __default_isrs_start
                0x100001c0                isr_irq2
                0x100001c0                isr_irq10
                0x100001c0                isr_irq8
                0x100001c0                isr_irq24
                0x100001c0                isr_irq1
                0x100001c0                isr_irq7
                0x100001c0                isr_irq21
                0x100001c0                isr_irq20
                0x100001c0                isr_irq15
                0x100001c0                isr_irq25
                0x100001c0                isr_irq4
                0x100001c0                isr_irq30
                0x100001c0                isr_irq9
                0x100001c6                unhandled_user_irq_num_in_r0
                0x100001c8                isr_invalid
                0x100001ca                isr_nmi
                0x100001cc                isr_hardfault
                0x100001ce                isr_svcall
                0x100001d0                isr_pendsv
                0x100001d2                isr_systick
                0x100001d4                __default_isrs_end
 *(.binary_info_header)
 .binary_info_header
                0x100001d4       0x14 CMakeFiles/Z80DevBoard.dir/pico-sdk/src/rp2_common/pico_crt0/crt0.S.obj
                0x100001e8                        __binary_info_header_end = .
 *(.embedded_block)
                0x100001e8                        __embedded_block_end = .
 *(.reset)
 .reset         0x100001e8       0x9c CMakeFiles/Z80DevBoard.dir/pico-sdk/src/rp2_common/pico_crt0/crt0.S.obj
                0x100001e8                _entry_point
 *(.init)
 .init          0x10000284        0x4 C:/Users/Gianl/.pico-sdk/toolchain/13_2_Rel1/bin/../lib/gcc/arm-none-eabi/13.2.1/thumb/v6-m/nofp/crti.o
                0x10000284                _init
 *(EXCLUDE_FILE(*libm.a: *libc.a:*lib_a-mem*.o *libgcc.a:) .text*)
 .text.register_tm_clones
                0x10000288       0x28 C:/Users/Gianl/.pico-sdk/toolchain/13_2_Rel1/bin/../lib/gcc/arm-none-eabi/13.2.1/thumb/v6-m/nofp/crtbegin.o
 .text.frame_dummy
                0x100002b0       0x24 C:/Users/Gianl/.pico-sdk/toolchain/13_2_Rel1/bin/../lib/gcc/arm-none-eabi/13.2.1/thumb/v6-m/nofp/crtbegin.o
 .text.startup.main
                0x100002d4        0xc CMakeFiles/Z80DevBoard.dir/main.c.obj
                0x100002d4                main
 .text.accessRamAddress
                0x100002e0      0x304 CMakeFiles/Z80DevBoard.dir/firmware.c.obj
                0x100002e0                accessRamAddress
 .text.readRamCell
                0x100005e4      0x124 CMakeFiles/Z80DevBoard.dir/firmware.c.obj
                0x100005e4                readRamCell
 .text.writeRamCell
                0x10000708      0x1b0 CMakeFiles/Z80DevBoard.dir/firmware.c.obj
                0x10000708                writeRamCell
 .text.loadZ80ProgramInRam
                0x100008b8      0x4b8 CMakeFiles/Z80DevBoard.dir/firmware.c.obj
                0x100008b8                loadZ80ProgramInRam
 .text.setup    0x10000d70      0x120 CMakeFiles/Z80DevBoard.dir/firmware.c.obj
                0x10000d70                setup
 .text.loop     0x10000e90       0x28 CMakeFiles/Z80DevBoard.dir/firmware.c.obj
                0x10000e90                loop
 .text.loadZ80ProgramFromFlash
                0x10000eb8       0x14 CMakeFiles/Z80DevBoard.dir/flash.c.obj
                0x10000eb8                loadZ80ProgramFromFlash
 .text.saveZ80ProgramInFlash
                0x10000ecc       0x2c CMakeFiles/Z80DevBoard.dir/flash.c.obj
                0x10000ecc                saveZ80ProgramInFlash
 .text.uartInitUsb
                0x10000ef8       0x6c CMakeFiles/Z80DevBoard.dir/uart.c.obj
                0x10000ef8                uartInitUsb
 .text.uartReadLine
                0x10000f64       0x7c CMakeFiles/Z80DevBoard.dir/uart.c.obj
                0x10000f64                uartReadLine
 .text.uartProcessCommand
                0x10000fe0      0x1c0 CMakeFiles/Z80DevBoard.dir/uart.c.obj
                0x10000fe0                uartProcessCommand
 .text.gpio_init
                0x100011a0       0x40 CMakeFiles/Z80DevBoard.dir/pico-sdk/src/rp2_common/hardware_gpio/gpio.c.obj
                0x100011a0                gpio_init
 .text.rp2040_chip_version
                0x100011e0        0xc CMakeFiles/Z80DevBoard.dir/pico-sdk/src/rp2040/pico_platform/platform.c.obj
                0x100011e0                rp2040_chip_version
 .text.panic    0x100011ec       0x30 CMakeFiles/Z80DevBoard.dir/pico-sdk/src/rp2_common/pico_platform_panic/panic.c.obj
                0x100011ec                panic
 .text.hw_claim_or_assert
                0x1000121c       0x44 CMakeFiles/Z80DevBoard.dir/pico-sdk/src/common/hardware_claim/claim.c.obj
                0x1000121c                hw_claim_or_assert
 .text.hw_claim_unused_from_range
                0x10001260       0x9c CMakeFiles/Z80DevBoard.dir/pico-sdk/src/common/hardware_claim/claim.c.obj
                0x10001260                hw_claim_unused_from_range
 .text.next_striped_spin_lock_num
                0x100012fc       0x18 CMakeFiles/Z80DevBoard.dir/pico-sdk/src/rp2_common/hardware_sync/sync.c.obj
                0x100012fc                next_striped_spin_lock_num
 .text.spin_lock_claim_unused
                0x10001314       0x24 CMakeFiles/Z80DevBoard.dir/pico-sdk/src/rp2_common/hardware_sync/sync.c.obj
                0x10001314                spin_lock_claim_unused
 .text.spin_locks_reset
                0x10001338       0x1c CMakeFiles/Z80DevBoard.dir/pico-sdk/src/rp2_common/hardware_sync_spin_lock/sync_spin_lock.c.obj
                0x10001338                spin_locks_reset
 .text.runtime_init_per_core_irq_priorities
                0x10001354       0x24 CMakeFiles/Z80DevBoard.dir/pico-sdk/src/rp2_common/hardware_irq/irq.c.obj
                0x10001354                runtime_init_per_core_irq_priorities
 .text.irq_set_enabled
                0x10001378       0x24 CMakeFiles/Z80DevBoard.dir/pico-sdk/src/rp2_common/hardware_irq/irq.c.obj
                0x10001378                irq_set_enabled
 .text.irq_is_enabled
                0x1000139c       0x18 CMakeFiles/Z80DevBoard.dir/pico-sdk/src/rp2_common/hardware_irq/irq.c.obj
                0x1000139c                irq_is_enabled
 .text.irq_set_pending
                0x100013b4       0x10 CMakeFiles/Z80DevBoard.dir/pico-sdk/src/rp2_common/hardware_irq/irq.c.obj
                0x100013b4                irq_set_pending
 .text.irq_has_shared_handler
                0x100013c4       0x24 CMakeFiles/Z80DevBoard.dir/pico-sdk/src/rp2_common/hardware_irq/irq.c.obj
                0x100013c4                irq_has_shared_handler
 .text.irq_set_exclusive_handler
                0x100013e8       0x54 CMakeFiles/Z80DevBoard.dir/pico-sdk/src/rp2_common/hardware_irq/irq.c.obj
                0x100013e8                irq_set_exclusive_handler
 .text.irq_add_shared_handler
                0x1000143c      0x1f4 CMakeFiles/Z80DevBoard.dir/pico-sdk/src/rp2_common/hardware_irq/irq.c.obj
                0x1000143c                irq_add_shared_handler
 .text.irq_add_tail_to_free_list
                0x10001630       0xb4 CMakeFiles/Z80DevBoard.dir/pico-sdk/src/rp2_common/hardware_irq/irq.c.obj
                0x10001630                irq_add_tail_to_free_list
 .text.user_irq_claim_unused
                0x100016e4       0x2c CMakeFiles/Z80DevBoard.dir/pico-sdk/src/rp2_common/hardware_irq/irq.c.obj
                0x100016e4                user_irq_claim_unused
 .text.lock_init
                0x10001710       0x10 CMakeFiles/Z80DevBoard.dir/pico-sdk/src/common/pico_sync/lock_core.c.obj
                0x10001710                lock_init
 .text.runtime_init_mutex
                0x10001720       0x50 CMakeFiles/Z80DevBoard.dir/pico-sdk/src/common/pico_sync/mutex.c.obj
                0x10001720                runtime_init_mutex
 .text.mutex_init
                0x10001770       0x1c CMakeFiles/Z80DevBoard.dir/pico-sdk/src/common/pico_sync/mutex.c.obj
                0x10001770                mutex_init
 .text.critical_section_init
                0x1000178c       0x1c CMakeFiles/Z80DevBoard.dir/pico-sdk/src/common/pico_sync/critical_section.c.obj
                0x1000178c                critical_section_init
 .text.critical_section_init_with_lock_num
                0x100017a8       0x14 CMakeFiles/Z80DevBoard.dir/pico-sdk/src/common/pico_sync/critical_section.c.obj
                0x100017a8                critical_section_init_with_lock_num
 .text.sleep_until_callback
                0x100017bc       0x30 CMakeFiles/Z80DevBoard.dir/pico-sdk/src/common/pico_time/time.c.obj
 .text.alarm_pool_irq_handler
                0x100017ec      0x2fc CMakeFiles/Z80DevBoard.dir/pico-sdk/src/common/pico_time/time.c.obj
 .text.runtime_init_default_alarm_pool
                0x10001ae8       0xdc CMakeFiles/Z80DevBoard.dir/pico-sdk/src/common/pico_time/time.c.obj
                0x10001ae8                runtime_init_default_alarm_pool
 .text.alarm_pool_get_default
                0x10001bc4        0x8 CMakeFiles/Z80DevBoard.dir/pico-sdk/src/common/pico_time/time.c.obj
                0x10001bc4                alarm_pool_get_default
 .text.alarm_pool_add_alarm_at
                0x10001bcc       0xd4 CMakeFiles/Z80DevBoard.dir/pico-sdk/src/common/pico_time/time.c.obj
                0x10001bcc                alarm_pool_add_alarm_at
 .text.alarm_pool_add_alarm_at_force_in_context
                0x10001ca0       0xb0 CMakeFiles/Z80DevBoard.dir/pico-sdk/src/common/pico_time/time.c.obj
                0x10001ca0                alarm_pool_add_alarm_at_force_in_context
 .text.alarm_pool_cancel_alarm
                0x10001d50       0x74 CMakeFiles/Z80DevBoard.dir/pico-sdk/src/common/pico_time/time.c.obj
                0x10001d50                alarm_pool_cancel_alarm
 .text.alarm_pool_core_num
                0x10001dc4        0x4 CMakeFiles/Z80DevBoard.dir/pico-sdk/src/common/pico_time/time.c.obj
                0x10001dc4                alarm_pool_core_num
 .text.sleep_until
                0x10001dc8       0xd8 CMakeFiles/Z80DevBoard.dir/pico-sdk/src/common/pico_time/time.c.obj
                0x10001dc8                sleep_until
 .text.sleep_us
                0x10001ea0       0x28 CMakeFiles/Z80DevBoard.dir/pico-sdk/src/common/pico_time/time.c.obj
                0x10001ea0                sleep_us
 .text.sleep_ms
                0x10001ec8       0x38 CMakeFiles/Z80DevBoard.dir/pico-sdk/src/common/pico_time/time.c.obj
                0x10001ec8                sleep_ms
 .text.best_effort_wfe_or_timeout
                0x10001f00       0xf8 CMakeFiles/Z80DevBoard.dir/pico-sdk/src/common/pico_time/time.c.obj
                0x10001f00                best_effort_wfe_or_timeout
 .text.timer_hardware_alarm_claim
                0x10001ff8       0x14 CMakeFiles/Z80DevBoard.dir/pico-sdk/src/rp2_common/hardware_timer/timer.c.obj
                0x10001ff8                timer_hardware_alarm_claim
 .text.timer_time_us_64
                0x1000200c       0x10 CMakeFiles/Z80DevBoard.dir/pico-sdk/src/rp2_common/hardware_timer/timer.c.obj
                0x1000200c                timer_time_us_64
 .text.time_us_64
                0x1000201c       0x14 CMakeFiles/Z80DevBoard.dir/pico-sdk/src/rp2_common/hardware_timer/timer.c.obj
                0x1000201c                time_us_64
 .text.busy_wait_us
                0x10002030       0x68 CMakeFiles/Z80DevBoard.dir/pico-sdk/src/rp2_common/hardware_timer/timer.c.obj
                0x10002030                busy_wait_us
 .text.busy_wait_until
                0x10002098       0x20 CMakeFiles/Z80DevBoard.dir/pico-sdk/src/rp2_common/hardware_timer/timer.c.obj
                0x10002098                busy_wait_until
 .text.clock_configure_int_divider
                0x100020b8       0xf4 CMakeFiles/Z80DevBoard.dir/pico-sdk/src/rp2_common/hardware_clocks/clocks.c.obj
                0x100020b8                clock_configure_int_divider
 .text.clock_configure_undivided
                0x100021ac       0xe8 CMakeFiles/Z80DevBoard.dir/pico-sdk/src/rp2_common/hardware_clocks/clocks.c.obj
                0x100021ac                clock_configure_undivided
 .text.clock_get_hz
                0x10002294        0xc CMakeFiles/Z80DevBoard.dir/pico-sdk/src/rp2_common/hardware_clocks/clocks.c.obj
                0x10002294                clock_get_hz
 .text.pll_init
                0x100022a0       0xa4 CMakeFiles/Z80DevBoard.dir/pico-sdk/src/rp2_common/hardware_pll/pll.c.obj
                0x100022a0                pll_init
 .text.watchdog_reboot
                0x10002344       0x9c CMakeFiles/Z80DevBoard.dir/pico-sdk/src/rp2_common/hardware_watchdog/watchdog.c.obj
                0x10002344                watchdog_reboot
 .text.tick_start
                0x100023e0       0x10 CMakeFiles/Z80DevBoard.dir/pico-sdk/src/rp2_common/hardware_ticks/ticks.c.obj
                0x100023e0                tick_start
 .text.rom_func_lookup
                0x100023f0       0x10 CMakeFiles/Z80DevBoard.dir/pico-sdk/src/rp2_common/pico_bootrom/bootrom.c.obj
                0x100023f0                rom_func_lookup
 .text.rom_data_lookup
                0x10002400       0x10 CMakeFiles/Z80DevBoard.dir/pico-sdk/src/rp2_common/pico_bootrom/bootrom.c.obj
                0x10002400                rom_data_lookup
 .text.rom_funcs_lookup
                0x10002410       0x44 CMakeFiles/Z80DevBoard.dir/pico-sdk/src/rp2_common/pico_bootrom/bootrom.c.obj
                0x10002410                rom_funcs_lookup
 .text.rom_reset_usb_boot_extra
                0x10002454       0x28 CMakeFiles/Z80DevBoard.dir/pico-sdk/src/rp2_common/pico_bootrom/bootrom.c.obj
                0x10002454                rom_reset_usb_boot_extra
 .text.xosc_init
                0x1000247c       0x28 CMakeFiles/Z80DevBoard.dir/pico-sdk/src/rp2_common/hardware_xosc/xosc.c.obj
                0x1000247c                xosc_init
 .text.first_per_core_initializer
                0x100024a4        0x4 CMakeFiles/Z80DevBoard.dir/pico-sdk/src/rp2_common/pico_runtime/runtime.c.obj
 .text.hard_assertion_failure
                0x100024a8        0xc CMakeFiles/Z80DevBoard.dir/pico-sdk/src/rp2_common/pico_runtime/runtime.c.obj
                0x100024a8                hard_assertion_failure
 .text.runtime_run_initializers
                0x100024b4       0x28 CMakeFiles/Z80DevBoard.dir/pico-sdk/src/rp2_common/pico_runtime/runtime.c.obj
                0x100024b4                runtime_run_initializers
 .text.runtime_init_early_resets
                0x100024dc       0x2c CMakeFiles/Z80DevBoard.dir/pico-sdk/src/rp2_common/pico_runtime_init/runtime_init.c.obj
                0x100024dc                runtime_init_early_resets
 .text.runtime_init_usb_power_down
                0x10002508       0x1c CMakeFiles/Z80DevBoard.dir/pico-sdk/src/rp2_common/pico_runtime_init/runtime_init.c.obj
                0x10002508                runtime_init_usb_power_down
 .text.runtime_init_post_clock_resets
                0x10002524       0x20 CMakeFiles/Z80DevBoard.dir/pico-sdk/src/rp2_common/pico_runtime_init/runtime_init.c.obj
                0x10002524                runtime_init_post_clock_resets
 .text.runtime_init_rp2040_gpio_ie_disable
                0x10002544       0x14 CMakeFiles/Z80DevBoard.dir/pico-sdk/src/rp2_common/pico_runtime_init/runtime_init.c.obj
                0x10002544                runtime_init_rp2040_gpio_ie_disable
 .text.runtime_init_spin_locks_reset
                0x10002558        0x8 CMakeFiles/Z80DevBoard.dir/pico-sdk/src/rp2_common/pico_runtime_init/runtime_init.c.obj
                0x10002558                runtime_init_spin_locks_reset
 .text.runtime_init_install_ram_vector_table
                0x10002560       0xb4 CMakeFiles/Z80DevBoard.dir/pico-sdk/src/rp2_common/pico_runtime_init/runtime_init.c.obj
                0x10002560                runtime_init_install_ram_vector_table
 .text.runtime_init_clocks
                0x10002614       0xd8 CMakeFiles/Z80DevBoard.dir/pico-sdk/src/rp2_common/pico_runtime_init/runtime_init_clocks.c.obj
                0x10002614                runtime_init_clocks
 .text          0x100026ec       0x10 CMakeFiles/Z80DevBoard.dir/pico-sdk/src/rp2_common/pico_bit_ops/bit_ops_aeabi.S.obj
 .text.__wrap___aeabi_idiv
                0x100026fc       0x50 CMakeFiles/Z80DevBoard.dir/pico-sdk/src/rp2_common/pico_divider/divider_hardware.S.obj
                0x100026fc                __wrap___aeabi_idivmod
                0x100026fc                divmod_s32s32
                0x100026fc                div_s32s32
                0x100026fc                __wrap___aeabi_idiv
                0x10002704                divmod_s32s32_unsafe
                0x10002730                divmod_s32s32_savestate
 .text.__wrap___aeabi_uidiv
                0x1000274c       0x4c CMakeFiles/Z80DevBoard.dir/pico-sdk/src/rp2_common/pico_divider/divider_hardware.S.obj
                0x1000274c                __wrap___aeabi_uidiv
                0x1000274c                __wrap___aeabi_uidivmod
                0x1000274c                div_u32u32
                0x1000274c                divmod_u32u32
                0x10002754                divmod_u32u32_unsafe
                0x1000277c                divmod_u32u32_savestate
 .text.__wrap___aeabi_ldiv
                0x10002798      0x424 CMakeFiles/Z80DevBoard.dir/pico-sdk/src/rp2_common/pico_divider/divider_hardware.S.obj
                0x10002798                div_s64s64
                0x10002798                divmod_s64s64
                0x10002798                __wrap___aeabi_ldivmod
                0x100027c8                divmod_u64u64
                0x100027c8                div_u64u64
                0x100027c8                __wrap___aeabi_uldivmod
                0x100027d8                divmod_u64u64_savestate
                0x100027f8                divmod_s64s64_unsafe
                0x10002880                divmod_u64u64_unsafe
 .text.__wrap___aeabi_darithmetic
                0x10002bbc       0x80 CMakeFiles/Z80DevBoard.dir/pico-sdk/src/rp2_common/pico_double/double_aeabi_rp2040.S.obj
                0x10002bbc                __wrap___aeabi_drsub
                0x10002bc2                __wrap___aeabi_dsub
                0x10002bd4                __wrap___aeabi_dadd
                0x10002be6                __wrap___aeabi_ddiv
                0x10002c22                __wrap___aeabi_dmul
 .text.__wrap___aeabi_cdcmple
                0x10002c3c       0x6c CMakeFiles/Z80DevBoard.dir/pico-sdk/src/rp2_common/pico_double/double_aeabi_rp2040.S.obj
                0x10002c3c                __wrap___aeabi_cdrcmple
                0x10002c4c                __wrap___aeabi_cdcmpeq
                0x10002c4c                __wrap___aeabi_cdcmple
 .text.__wrap___aeabi_dcmplt
                0x10002ca8        0xc CMakeFiles/Z80DevBoard.dir/pico-sdk/src/rp2_common/pico_double/double_aeabi_rp2040.S.obj
                0x10002ca8                __wrap___aeabi_dcmplt
 .text.__wrap___aeabi_dcmpge
                0x10002cb4       0x10 CMakeFiles/Z80DevBoard.dir/pico-sdk/src/rp2_common/pico_double/double_aeabi_rp2040.S.obj
                0x10002cb4                __wrap___aeabi_dcmpge
 .text.__wrap___aeabi_dcmpgt
                0x10002cc4        0xa CMakeFiles/Z80DevBoard.dir/pico-sdk/src/rp2_common/pico_double/double_aeabi_rp2040.S.obj
                0x10002cc4                __wrap___aeabi_dcmpgt
 .text.__wrap___aeabi_dcmpun
                0x10002cce       0x18 CMakeFiles/Z80DevBoard.dir/pico-sdk/src/rp2_common/pico_double/double_aeabi_rp2040.S.obj
                0x10002cce                __wrap___aeabi_dcmpun
 *fill*         0x10002ce6        0x2 
 .text.__wrap___aeabi_i2d
                0x10002ce8       0x38 CMakeFiles/Z80DevBoard.dir/pico-sdk/src/rp2_common/pico_double/double_aeabi_rp2040.S.obj
                0x10002ce8                uint2double
                0x10002ce8                __wrap___aeabi_ui2d
                0x10002cf0                int2double
                0x10002cf0                __wrap___aeabi_i2d
 .text.__wrap___aeabi_d2iz
                0x10002d20       0x48 CMakeFiles/Z80DevBoard.dir/pico-sdk/src/rp2_common/pico_double/double_aeabi_rp2040.S.obj
                0x10002d20                double2int_z
                0x10002d20                __wrap___aeabi_d2iz
 .text.__wrap___aeabi_d2uiz
                0x10002d68       0x18 CMakeFiles/Z80DevBoard.dir/pico-sdk/src/rp2_common/pico_double/double_aeabi_rp2040.S.obj
                0x10002d68                double2uint
                0x10002d68                __wrap___aeabi_d2uiz
                0x10002d68                double2uint_z
 .text.__aeabi_double_init
                0x10002d80       0xa4 CMakeFiles/Z80DevBoard.dir/pico-sdk/src/rp2_common/pico_double/double_init_rom_rp2040.c.obj
                0x10002d80                __aeabi_double_init
 .text.double_table_shim_on_use_helper
                0x10002e24       0x2c CMakeFiles/Z80DevBoard.dir/pico-sdk/src/rp2_common/pico_double/double_v1_rom_shim_rp2040.S.obj
                0x10002e24                double_table_shim_on_use_helper
 .text.__wrap___aeabi_dsub
                0x10002e50       0x10 CMakeFiles/Z80DevBoard.dir/pico-sdk/src/rp2_common/pico_double/double_v1_rom_shim_rp2040.S.obj
                0x10002e50                drsub_shim
                0x10002e56                dsub_shim
 .text.dadd_shim
                0x10002e60      0x15c CMakeFiles/Z80DevBoard.dir/pico-sdk/src/rp2_common/pico_double/double_v1_rom_shim_rp2040.S.obj
                0x10002e60                dadd_shim
 .text.dmul_shim
                0x10002fbc      0x15c CMakeFiles/Z80DevBoard.dir/pico-sdk/src/rp2_common/pico_double/double_v1_rom_shim_rp2040.S.obj
                0x10002fbc                dmul_shim
 .text.ddiv_shim
                0x10003118      0x1b0 CMakeFiles/Z80DevBoard.dir/pico-sdk/src/rp2_common/pico_double/double_v1_rom_shim_rp2040.S.obj
                0x10003118                ddiv_shim
 .text.double2uint_shim
                0x100032c8        0xe CMakeFiles/Z80DevBoard.dir/pico-sdk/src/rp2_common/pico_double/double_v1_rom_shim_rp2040.S.obj
                0x100032c8                double2uint_shim
                0x100032ca                double2ufix_shim
 *fill*         0x100032d6        0x2 
 .text.double2uint64_shim
                0x100032d8       0x70 CMakeFiles/Z80DevBoard.dir/pico-sdk/src/rp2_common/pico_double/double_v1_rom_shim_rp2040.S.obj
                0x100032d8                double2uint64_shim
                0x100032da                double2ufix64_shim
                0x100032fa                d2fix_a
 .text.dunpacks
                0x10003348       0x3c CMakeFiles/Z80DevBoard.dir/pico-sdk/src/rp2_common/pico_double/double_v1_rom_shim_rp2040.S.obj
                0x10003348                dunpacks
 .text.__aeabi_lmul
                0x10003384       0x32 CMakeFiles/Z80DevBoard.dir/pico-sdk/src/rp2_common/pico_int64_ops/pico_int64_ops_aeabi.S.obj
                0x10003384                __wrap___aeabi_lmul
 *fill*         0x100033b6        0x2 
 .text.__aeabi_float_init
                0x100033b8       0x64 CMakeFiles/Z80DevBoard.dir/pico-sdk/src/rp2_common/pico_float/float_init_rom_rp2040.c.obj
                0x100033b8                __aeabi_float_init
 .text.float_table_shim_on_use_helper
                0x1000341c       0x2c CMakeFiles/Z80DevBoard.dir/pico-sdk/src/rp2_common/pico_float/float_v1_rom_shim_rp2040.S.obj
                0x1000341c                float_table_shim_on_use_helper
 .text.__wrap_malloc
                0x10003448       0x24 CMakeFiles/Z80DevBoard.dir/pico-sdk/src/rp2_common/pico_malloc/malloc.c.obj
                0x10003448                __wrap_malloc
 .text.__wrap_calloc
                0x1000346c       0x28 CMakeFiles/Z80DevBoard.dir/pico-sdk/src/rp2_common/pico_malloc/malloc.c.obj
                0x1000346c                __wrap_calloc
 .text.__wrap_free
                0x10003494        0x8 CMakeFiles/Z80DevBoard.dir/pico-sdk/src/rp2_common/pico_malloc/malloc.c.obj
                0x10003494                __wrap_free
 .text          0x1000349c       0x10 CMakeFiles/Z80DevBoard.dir/pico-sdk/src/rp2_common/pico_mem_ops/mem_ops_aeabi.S.obj
                0x1000349c                __aeabi_mem_init
 .text.memset   0x100034ac        0xc CMakeFiles/Z80DevBoard.dir/pico-sdk/src/rp2_common/pico_mem_ops/mem_ops_aeabi.S.obj
                0x100034ac                __wrap_memset
 .text.memcpy   0x100034b8        0xc CMakeFiles/Z80DevBoard.dir/pico-sdk/src/rp2_common/pico_mem_ops/mem_ops_aeabi.S.obj
                0x100034b8                __wrap_memcpy
                0x100034b8                __wrap___aeabi_memcpy
 .text._out_null
                0x100034c4        0x4 CMakeFiles/Z80DevBoard.dir/pico-sdk/src/rp2_common/pico_printf/printf.c.obj
 .text._out_rev
                0x100034c8       0xac CMakeFiles/Z80DevBoard.dir/pico-sdk/src/rp2_common/pico_printf/printf.c.obj
 .text._ntoa_format
                0x10003574      0x250 CMakeFiles/Z80DevBoard.dir/pico-sdk/src/rp2_common/pico_printf/printf.c.obj
 .text._out_char
                0x100037c4       0x10 CMakeFiles/Z80DevBoard.dir/pico-sdk/src/rp2_common/pico_printf/printf.c.obj
 .text._out_fct
                0x100037d4       0x10 CMakeFiles/Z80DevBoard.dir/pico-sdk/src/rp2_common/pico_printf/printf.c.obj
 .text._etoa    0x100037e4      0x464 CMakeFiles/Z80DevBoard.dir/pico-sdk/src/rp2_common/pico_printf/printf.c.obj
 .text._ftoa    0x10003c48      0x3c0 CMakeFiles/Z80DevBoard.dir/pico-sdk/src/rp2_common/pico_printf/printf.c.obj
 .text._vsnprintf
                0x10004008      0xbc8 CMakeFiles/Z80DevBoard.dir/pico-sdk/src/rp2_common/pico_printf/printf.c.obj
 .text.vfctprintf
                0x10004bd0       0x20 CMakeFiles/Z80DevBoard.dir/pico-sdk/src/rp2_common/pico_printf/printf.c.obj
                0x10004bd0                vfctprintf
 .text.weak_raw_vprintf
                0x10004bf0       0x30 CMakeFiles/Z80DevBoard.dir/pico-sdk/src/rp2_common/pico_printf/printf.c.obj
                0x10004bf0                weak_raw_vprintf
 .text._exit    0x10004c20        0x4 CMakeFiles/Z80DevBoard.dir/pico-sdk/src/rp2_common/pico_clib_interface/newlib_interface.c.obj
                0x10004c20                _exit
 .text._sbrk    0x10004c24       0x34 CMakeFiles/Z80DevBoard.dir/pico-sdk/src/rp2_common/pico_clib_interface/newlib_interface.c.obj
                0x10004c24                _sbrk
 .text.exit     0x10004c58        0x8 CMakeFiles/Z80DevBoard.dir/pico-sdk/src/rp2_common/pico_clib_interface/newlib_interface.c.obj
                0x10004c58                exit
 .text.runtime_init
                0x10004c60       0x2c CMakeFiles/Z80DevBoard.dir/pico-sdk/src/rp2_common/pico_clib_interface/newlib_interface.c.obj
                0x10004c60                runtime_init
 .text.stdio_out_chars_no_crlf
                0x10004c8c       0x10 CMakeFiles/Z80DevBoard.dir/pico-sdk/src/rp2_common/pico_stdio/stdio.c.obj
 .text.stdio_out_chars_crlf
                0x10004c9c       0x94 CMakeFiles/Z80DevBoard.dir/pico-sdk/src/rp2_common/pico_stdio/stdio.c.obj
 .text.stdio_buffered_printer
                0x10004d30       0x64 CMakeFiles/Z80DevBoard.dir/pico-sdk/src/rp2_common/pico_stdio/stdio.c.obj
 .text.stdio_put_string
                0x10004d94      0x100 CMakeFiles/Z80DevBoard.dir/pico-sdk/src/rp2_common/pico_stdio/stdio.c.obj
                0x10004d94                stdio_put_string
 .text.stdio_set_driver_enabled
                0x10004e94       0x30 CMakeFiles/Z80DevBoard.dir/pico-sdk/src/rp2_common/pico_stdio/stdio.c.obj
                0x10004e94                stdio_set_driver_enabled
 .text.stdio_init_all
                0x10004ec4        0x8 CMakeFiles/Z80DevBoard.dir/pico-sdk/src/rp2_common/pico_stdio/stdio.c.obj
                0x10004ec4                stdio_init_all
 .text.stdio_getchar_timeout_us
                0x10004ecc       0x98 CMakeFiles/Z80DevBoard.dir/pico-sdk/src/rp2_common/pico_stdio/stdio.c.obj
                0x10004ecc                stdio_getchar_timeout_us
 .text.__wrap_putchar
                0x10004f64       0x98 CMakeFiles/Z80DevBoard.dir/pico-sdk/src/rp2_common/pico_stdio/stdio.c.obj
                0x10004f64                __wrap_putchar
                0x10004f64                stdio_putchar
 .text.__wrap_puts
                0x10004ffc       0x3c CMakeFiles/Z80DevBoard.dir/pico-sdk/src/rp2_common/pico_stdio/stdio.c.obj
                0x10004ffc                stdio_puts
                0x10004ffc                __wrap_puts
 .text.__wrap_vprintf
                0x10005038       0xd4 CMakeFiles/Z80DevBoard.dir/pico-sdk/src/rp2_common/pico_stdio/stdio.c.obj
                0x10005038                stdio_vprintf
                0x10005038                __wrap_vprintf
 .text.__wrap_printf
                0x1000510c       0x18 CMakeFiles/Z80DevBoard.dir/pico-sdk/src/rp2_common/pico_stdio/stdio.c.obj
                0x1000510c                __wrap_printf
                0x1000510c                stdio_printf
 .text.resetd_init
                0x10005124        0x4 CMakeFiles/Z80DevBoard.dir/pico-sdk/src/rp2_common/pico_stdio_usb/reset_interface.c.obj
 .text.resetd_reset
                0x10005128        0xc CMakeFiles/Z80DevBoard.dir/pico-sdk/src/rp2_common/pico_stdio_usb/reset_interface.c.obj
 .text.resetd_open
                0x10005134       0x28 CMakeFiles/Z80DevBoard.dir/pico-sdk/src/rp2_common/pico_stdio_usb/reset_interface.c.obj
 .text.resetd_xfer_cb
                0x1000515c        0x4 CMakeFiles/Z80DevBoard.dir/pico-sdk/src/rp2_common/pico_stdio_usb/reset_interface.c.obj
 .text.resetd_control_xfer_cb
                0x10005160       0x5c CMakeFiles/Z80DevBoard.dir/pico-sdk/src/rp2_common/pico_stdio_usb/reset_interface.c.obj
 .text.tud_descriptor_bos_cb
                0x100051bc        0x8 CMakeFiles/Z80DevBoard.dir/pico-sdk/src/rp2_common/pico_stdio_usb/reset_interface.c.obj
                0x100051bc                tud_descriptor_bos_cb
 .text.tud_vendor_control_xfer_cb
                0x100051c4       0x34 CMakeFiles/Z80DevBoard.dir/pico-sdk/src/rp2_common/pico_stdio_usb/reset_interface.c.obj
                0x100051c4                tud_vendor_control_xfer_cb
 .text.usbd_app_driver_get_cb
                0x100051f8        0xc CMakeFiles/Z80DevBoard.dir/pico-sdk/src/rp2_common/pico_stdio_usb/reset_interface.c.obj
                0x100051f8                usbd_app_driver_get_cb
 .text.tud_cdc_line_coding_cb
                0x10005204       0x2c CMakeFiles/Z80DevBoard.dir/pico-sdk/src/rp2_common/pico_stdio_usb/reset_interface.c.obj
                0x10005204                tud_cdc_line_coding_cb
 .text.stdio_usb_set_chars_available_callback
                0x10005230       0x14 CMakeFiles/Z80DevBoard.dir/pico-sdk/src/rp2_common/pico_stdio_usb/stdio_usb.c.obj
                0x10005230                stdio_usb_set_chars_available_callback
 .text.usb_irq  0x10005244       0x10 CMakeFiles/Z80DevBoard.dir/pico-sdk/src/rp2_common/pico_stdio_usb/stdio_usb.c.obj
 .text.timer_task
                0x10005254       0x64 CMakeFiles/Z80DevBoard.dir/pico-sdk/src/rp2_common/pico_stdio_usb/stdio_usb.c.obj
 .text.stdio_usb_in_chars
                0x100052b8       0x90 CMakeFiles/Z80DevBoard.dir/pico-sdk/src/rp2_common/pico_stdio_usb/stdio_usb.c.obj
                0x100052b8                stdio_usb_in_chars
 .text.stdio_usb_out_flush
                0x10005348       0x50 CMakeFiles/Z80DevBoard.dir/pico-sdk/src/rp2_common/pico_stdio_usb/stdio_usb.c.obj
 .text.stdio_usb_out_chars
                0x10005398      0x104 CMakeFiles/Z80DevBoard.dir/pico-sdk/src/rp2_common/pico_stdio_usb/stdio_usb.c.obj
 .text.low_priority_worker_irq
                0x1000549c       0xcc CMakeFiles/Z80DevBoard.dir/pico-sdk/src/rp2_common/pico_stdio_usb/stdio_usb.c.obj
 .text.stdio_usb_init
                0x10005568       0xec CMakeFiles/Z80DevBoard.dir/pico-sdk/src/rp2_common/pico_stdio_usb/stdio_usb.c.obj
                0x10005568                stdio_usb_init
 .text.stdio_usb_connected
                0x10005654        0xc CMakeFiles/Z80DevBoard.dir/pico-sdk/src/rp2_common/pico_stdio_usb/stdio_usb.c.obj
                0x10005654                stdio_usb_connected
 .text.tud_descriptor_device_cb
                0x10005660        0x8 CMakeFiles/Z80DevBoard.dir/pico-sdk/src/rp2_common/pico_stdio_usb/stdio_usb_descriptors.c.obj
                0x10005660                tud_descriptor_device_cb
 .text.tud_descriptor_configuration_cb
                0x10005668        0x8 CMakeFiles/Z80DevBoard.dir/pico-sdk/src/rp2_common/pico_stdio_usb/stdio_usb_descriptors.c.obj
                0x10005668                tud_descriptor_configuration_cb
 .text.tud_descriptor_string_cb
                0x10005670       0x78 CMakeFiles/Z80DevBoard.dir/pico-sdk/src/rp2_common/pico_stdio_usb/stdio_usb_descriptors.c.obj
                0x10005670                tud_descriptor_string_cb
 .text.startup._retrieve_unique_id_on_boot
                0x100056e8       0x10 CMakeFiles/Z80DevBoard.dir/pico-sdk/src/rp2_common/pico_unique_id/unique_id.c.obj
 .text.pico_get_unique_board_id_string
                0x100056f8      0x1a8 CMakeFiles/Z80DevBoard.dir/pico-sdk/src/rp2_common/pico_unique_id/unique_id.c.obj
                0x100056f8                pico_get_unique_board_id_string
 .text.flash_get_unique_id
                0x100058a0       0x3c CMakeFiles/Z80DevBoard.dir/pico-sdk/src/rp2_common/hardware_flash/flash.c.obj
                0x100058a0                flash_get_unique_id
 .text.dcd_init
                0x100058dc       0x90 CMakeFiles/Z80DevBoard.dir/pico-sdk/lib/tinyusb/src/portable/raspberrypi/rp2040/dcd_rp2040.c.obj
                0x100058dc                dcd_init
 .text.dcd_int_enable
                0x1000596c        0xc CMakeFiles/Z80DevBoard.dir/pico-sdk/lib/tinyusb/src/portable/raspberrypi/rp2040/dcd_rp2040.c.obj
                0x1000596c                dcd_int_enable
 .text.dcd_set_address
                0x10005978       0x14 CMakeFiles/Z80DevBoard.dir/pico-sdk/lib/tinyusb/src/portable/raspberrypi/rp2040/dcd_rp2040.c.obj
                0x10005978                dcd_set_address
 .text.dcd_sof_enable
                0x1000598c       0x1c CMakeFiles/Z80DevBoard.dir/pico-sdk/lib/tinyusb/src/portable/raspberrypi/rp2040/dcd_rp2040.c.obj
                0x1000598c                dcd_sof_enable
 .text.dcd_edpt0_status_complete
                0x100059a8       0x1c CMakeFiles/Z80DevBoard.dir/pico-sdk/lib/tinyusb/src/portable/raspberrypi/rp2040/dcd_rp2040.c.obj
                0x100059a8                dcd_edpt0_status_complete
 .text.dcd_edpt_open
                0x100059c4      0x114 CMakeFiles/Z80DevBoard.dir/pico-sdk/lib/tinyusb/src/portable/raspberrypi/rp2040/dcd_rp2040.c.obj
                0x100059c4                dcd_edpt_open
 .text.dcd_edpt_close_all
                0x10005ad8        0x8 CMakeFiles/Z80DevBoard.dir/pico-sdk/lib/tinyusb/src/portable/raspberrypi/rp2040/dcd_rp2040.c.obj
                0x10005ad8                dcd_edpt_close_all
 .text.dcd_edpt_xfer
                0x10005ae0       0x24 CMakeFiles/Z80DevBoard.dir/pico-sdk/lib/tinyusb/src/portable/raspberrypi/rp2040/dcd_rp2040.c.obj
                0x10005ae0                dcd_edpt_xfer
 .text.dcd_edpt_stall
                0x10005b04       0x34 CMakeFiles/Z80DevBoard.dir/pico-sdk/lib/tinyusb/src/portable/raspberrypi/rp2040/dcd_rp2040.c.obj
                0x10005b04                dcd_edpt_stall
 .text.dcd_edpt_clear_stall
                0x10005b38       0x30 CMakeFiles/Z80DevBoard.dir/pico-sdk/lib/tinyusb/src/portable/raspberrypi/rp2040/dcd_rp2040.c.obj
                0x10005b38                dcd_edpt_clear_stall
 .text.rp2040_usb_init
                0x10005b68       0x40 CMakeFiles/Z80DevBoard.dir/pico-sdk/lib/tinyusb/src/portable/raspberrypi/rp2040/rp2040_usb.c.obj
                0x10005b68                rp2040_usb_init
 .text.hw_endpoint_xfer_start
                0x10005ba8       0x40 CMakeFiles/Z80DevBoard.dir/pico-sdk/lib/tinyusb/src/portable/raspberrypi/rp2040/rp2040_usb.c.obj
                0x10005ba8                hw_endpoint_xfer_start
 .text.tud_event_hook_cb
                0x10005be8        0x4 CMakeFiles/Z80DevBoard.dir/pico-sdk/lib/tinyusb/src/device/usbd.c.obj
                0x10005be8                tud_event_hook_cb
 .text.tud_sof_cb
                0x10005bec        0x4 CMakeFiles/Z80DevBoard.dir/pico-sdk/lib/tinyusb/src/device/usbd.c.obj
                0x10005bec                tud_sof_cb
 .text.tud_descriptor_device_qualifier_cb
                0x10005bf0        0x4 CMakeFiles/Z80DevBoard.dir/pico-sdk/lib/tinyusb/src/device/usbd.c.obj
                0x10005bf0                tud_descriptor_device_qualifier_cb
 .text.tud_descriptor_other_speed_configuration_cb
                0x10005bf4        0x4 CMakeFiles/Z80DevBoard.dir/pico-sdk/lib/tinyusb/src/device/usbd.c.obj
                0x10005bf4                tud_descriptor_other_speed_configuration_cb
 .text.tud_mount_cb
                0x10005bf8        0x4 CMakeFiles/Z80DevBoard.dir/pico-sdk/lib/tinyusb/src/device/usbd.c.obj
                0x10005bf8                tud_mount_cb
 .text.tud_umount_cb
                0x10005bfc        0x4 CMakeFiles/Z80DevBoard.dir/pico-sdk/lib/tinyusb/src/device/usbd.c.obj
                0x10005bfc                tud_umount_cb
 .text.tud_suspend_cb
                0x10005c00        0x4 CMakeFiles/Z80DevBoard.dir/pico-sdk/lib/tinyusb/src/device/usbd.c.obj
                0x10005c00                tud_suspend_cb
 .text.tud_resume_cb
                0x10005c04        0x4 CMakeFiles/Z80DevBoard.dir/pico-sdk/lib/tinyusb/src/device/usbd.c.obj
                0x10005c04                tud_resume_cb
 .text.tud_mounted
                0x10005c08       0x10 CMakeFiles/Z80DevBoard.dir/pico-sdk/lib/tinyusb/src/device/usbd.c.obj
                0x10005c08                tud_mounted
 .text.tud_suspended
                0x10005c18       0x10 CMakeFiles/Z80DevBoard.dir/pico-sdk/lib/tinyusb/src/device/usbd.c.obj
                0x10005c18                tud_suspended
 .text.tud_rhport_init
                0x10005c28       0xfc CMakeFiles/Z80DevBoard.dir/pico-sdk/lib/tinyusb/src/device/usbd.c.obj
                0x10005c28                tud_rhport_init
 .text.tud_task_ext
                0x10005d24      0x800 CMakeFiles/Z80DevBoard.dir/pico-sdk/lib/tinyusb/src/device/usbd.c.obj
                0x10005d24                tud_task_ext
 .text.usbd_open_edpt_pair
                0x10006524       0x9c CMakeFiles/Z80DevBoard.dir/pico-sdk/lib/tinyusb/src/device/usbd.c.obj
                0x10006524                usbd_open_edpt_pair
 .text.usbd_edpt_open
                0x100065c0       0x34 CMakeFiles/Z80DevBoard.dir/pico-sdk/lib/tinyusb/src/device/usbd.c.obj
                0x100065c0                usbd_edpt_open
 .text.usbd_edpt_claim
                0x100065f4       0x28 CMakeFiles/Z80DevBoard.dir/pico-sdk/lib/tinyusb/src/device/usbd.c.obj
                0x100065f4                usbd_edpt_claim
 .text.usbd_edpt_release
                0x1000661c       0x28 CMakeFiles/Z80DevBoard.dir/pico-sdk/lib/tinyusb/src/device/usbd.c.obj
                0x1000661c                usbd_edpt_release
 .text.usbd_edpt_xfer
                0x10006644       0x4c CMakeFiles/Z80DevBoard.dir/pico-sdk/lib/tinyusb/src/device/usbd.c.obj
                0x10006644                usbd_edpt_xfer
 .text.tud_control_status
                0x10006690       0x2c CMakeFiles/Z80DevBoard.dir/pico-sdk/lib/tinyusb/src/device/usbd_control.c.obj
                0x10006690                tud_control_status
 .text.tud_control_xfer
                0x100066bc       0xac CMakeFiles/Z80DevBoard.dir/pico-sdk/lib/tinyusb/src/device/usbd_control.c.obj
                0x100066bc                tud_control_xfer
 .text.usbd_control_reset
                0x10006768       0x14 CMakeFiles/Z80DevBoard.dir/pico-sdk/lib/tinyusb/src/device/usbd_control.c.obj
                0x10006768                usbd_control_reset
 .text.usbd_control_set_complete_callback
                0x1000677c        0xc CMakeFiles/Z80DevBoard.dir/pico-sdk/lib/tinyusb/src/device/usbd_control.c.obj
                0x1000677c                usbd_control_set_complete_callback
 .text.usbd_control_set_request
                0x10006788       0x1c CMakeFiles/Z80DevBoard.dir/pico-sdk/lib/tinyusb/src/device/usbd_control.c.obj
                0x10006788                usbd_control_set_request
 .text.usbd_control_xfer_cb
                0x100067a4       0xec CMakeFiles/Z80DevBoard.dir/pico-sdk/lib/tinyusb/src/device/usbd_control.c.obj
                0x100067a4                usbd_control_xfer_cb
 .text._prep_out_transaction.isra.0
                0x10006890       0x6c CMakeFiles/Z80DevBoard.dir/pico-sdk/lib/tinyusb/src/class/cdc/cdc_device.c.obj
 .text.tud_cdc_n_connected
                0x100068fc       0x2c CMakeFiles/Z80DevBoard.dir/pico-sdk/lib/tinyusb/src/class/cdc/cdc_device.c.obj
                0x100068fc                tud_cdc_n_connected
 .text.tud_cdc_n_available
                0x10006928       0x14 CMakeFiles/Z80DevBoard.dir/pico-sdk/lib/tinyusb/src/class/cdc/cdc_device.c.obj
                0x10006928                tud_cdc_n_available
 .text.tud_cdc_n_read
                0x1000693c       0x94 CMakeFiles/Z80DevBoard.dir/pico-sdk/lib/tinyusb/src/class/cdc/cdc_device.c.obj
                0x1000693c                tud_cdc_n_read
 .text.tud_cdc_n_write_flush
                0x100069d0       0x74 CMakeFiles/Z80DevBoard.dir/pico-sdk/lib/tinyusb/src/class/cdc/cdc_device.c.obj
                0x100069d0                tud_cdc_n_write_flush
 .text.tud_cdc_n_write
                0x10006a44       0x40 CMakeFiles/Z80DevBoard.dir/pico-sdk/lib/tinyusb/src/class/cdc/cdc_device.c.obj
                0x10006a44                tud_cdc_n_write
 .text.tud_cdc_n_write_available
                0x10006a84       0x14 CMakeFiles/Z80DevBoard.dir/pico-sdk/lib/tinyusb/src/class/cdc/cdc_device.c.obj
                0x10006a84                tud_cdc_n_write_available
 .text.cdcd_init
                0x10006a98       0x70 CMakeFiles/Z80DevBoard.dir/pico-sdk/lib/tinyusb/src/class/cdc/cdc_device.c.obj
                0x10006a98                cdcd_init
 .text.cdcd_deinit
                0x10006b08       0x34 CMakeFiles/Z80DevBoard.dir/pico-sdk/lib/tinyusb/src/class/cdc/cdc_device.c.obj
                0x10006b08                cdcd_deinit
 .text.cdcd_reset
                0x10006b3c       0x4c CMakeFiles/Z80DevBoard.dir/pico-sdk/lib/tinyusb/src/class/cdc/cdc_device.c.obj
                0x10006b3c                cdcd_reset
 .text.cdcd_open
                0x10006b88       0xa8 CMakeFiles/Z80DevBoard.dir/pico-sdk/lib/tinyusb/src/class/cdc/cdc_device.c.obj
                0x10006b88                cdcd_open
 .text.cdcd_control_xfer_cb
                0x10006c30       0xe8 CMakeFiles/Z80DevBoard.dir/pico-sdk/lib/tinyusb/src/class/cdc/cdc_device.c.obj
                0x10006c30                cdcd_control_xfer_cb
 .text.cdcd_xfer_cb
                0x10006d18      0x100 CMakeFiles/Z80DevBoard.dir/pico-sdk/lib/tinyusb/src/class/cdc/cdc_device.c.obj
                0x10006d18                cdcd_xfer_cb
 .text.vendord_init
                0x10006e18       0x5c CMakeFiles/Z80DevBoard.dir/pico-sdk/lib/tinyusb/src/class/vendor/vendor_device.c.obj
                0x10006e18                vendord_init
 .text.vendord_deinit
                0x10006e74       0x1c CMakeFiles/Z80DevBoard.dir/pico-sdk/lib/tinyusb/src/class/vendor/vendor_device.c.obj
                0x10006e74                vendord_deinit
 .text.vendord_reset
                0x10006e90       0x28 CMakeFiles/Z80DevBoard.dir/pico-sdk/lib/tinyusb/src/class/vendor/vendor_device.c.obj
                0x10006e90                vendord_reset
 .text.vendord_open
                0x10006eb8      0x128 CMakeFiles/Z80DevBoard.dir/pico-sdk/lib/tinyusb/src/class/vendor/vendor_device.c.obj
                0x10006eb8                vendord_open
 .text.vendord_xfer_cb
                0x10006fe0       0x9c CMakeFiles/Z80DevBoard.dir/pico-sdk/lib/tinyusb/src/class/vendor/vendor_device.c.obj
                0x10006fe0                vendord_xfer_cb
 .text.tusb_rhport_init
                0x1000707c       0x48 CMakeFiles/Z80DevBoard.dir/pico-sdk/lib/tinyusb/src/tusb.c.obj
                0x1000707c                tusb_rhport_init
 .text.tu_edpt_claim
                0x100070c4       0x50 CMakeFiles/Z80DevBoard.dir/pico-sdk/lib/tinyusb/src/tusb.c.obj
                0x100070c4                tu_edpt_claim
 .text.tu_edpt_release
                0x10007114       0x38 CMakeFiles/Z80DevBoard.dir/pico-sdk/lib/tinyusb/src/tusb.c.obj
                0x10007114                tu_edpt_release
 .text.tu_edpt_validate
                0x1000714c       0x7c CMakeFiles/Z80DevBoard.dir/pico-sdk/lib/tinyusb/src/tusb.c.obj
                0x1000714c                tu_edpt_validate
 .text.tu_edpt_bind_driver
                0x100071c8       0x34 CMakeFiles/Z80DevBoard.dir/pico-sdk/lib/tinyusb/src/tusb.c.obj
                0x100071c8                tu_edpt_bind_driver
 .text.tu_edpt_stream_init
                0x100071fc       0x6c CMakeFiles/Z80DevBoard.dir/pico-sdk/lib/tinyusb/src/tusb.c.obj
                0x100071fc                tu_edpt_stream_init
 .text.tu_edpt_stream_deinit
                0x10007268        0x4 CMakeFiles/Z80DevBoard.dir/pico-sdk/lib/tinyusb/src/tusb.c.obj
                0x10007268                tu_edpt_stream_deinit
 .text.tu_edpt_stream_write_zlp_if_needed
                0x1000726c       0x68 CMakeFiles/Z80DevBoard.dir/pico-sdk/lib/tinyusb/src/tusb.c.obj
                0x1000726c                tu_edpt_stream_write_zlp_if_needed
 .text.tu_edpt_stream_write_xfer
                0x100072d4       0x64 CMakeFiles/Z80DevBoard.dir/pico-sdk/lib/tinyusb/src/tusb.c.obj
                0x100072d4                tu_edpt_stream_write_xfer
 .text.tu_edpt_stream_read_xfer
                0x10007338       0xdc CMakeFiles/Z80DevBoard.dir/pico-sdk/lib/tinyusb/src/tusb.c.obj
                0x10007338                tu_edpt_stream_read_xfer
 .text.tu_fifo_config
                0x10007414       0x6c CMakeFiles/Z80DevBoard.dir/pico-sdk/lib/tinyusb/src/common/tusb_fifo.c.obj
                0x10007414                tu_fifo_config
 .text.tu_fifo_count
                0x10007480       0x2c CMakeFiles/Z80DevBoard.dir/pico-sdk/lib/tinyusb/src/common/tusb_fifo.c.obj
                0x10007480                tu_fifo_count
 .text.tu_fifo_empty
                0x100074ac       0x10 CMakeFiles/Z80DevBoard.dir/pico-sdk/lib/tinyusb/src/common/tusb_fifo.c.obj
                0x100074ac                tu_fifo_empty
 .text.tu_fifo_remaining
                0x100074bc       0x2c CMakeFiles/Z80DevBoard.dir/pico-sdk/lib/tinyusb/src/common/tusb_fifo.c.obj
                0x100074bc                tu_fifo_remaining
 .text.tu_fifo_read
                0x100074e8       0x9c CMakeFiles/Z80DevBoard.dir/pico-sdk/lib/tinyusb/src/common/tusb_fifo.c.obj
                0x100074e8                tu_fifo_read
 .text.tu_fifo_read_n
                0x10007584       0xe8 CMakeFiles/Z80DevBoard.dir/pico-sdk/lib/tinyusb/src/common/tusb_fifo.c.obj
                0x10007584                tu_fifo_read_n
 .text.tu_fifo_write
                0x1000766c       0xa8 CMakeFiles/Z80DevBoard.dir/pico-sdk/lib/tinyusb/src/common/tusb_fifo.c.obj
                0x1000766c                tu_fifo_write
 .text.tu_fifo_write_n
                0x10007714      0x178 CMakeFiles/Z80DevBoard.dir/pico-sdk/lib/tinyusb/src/common/tusb_fifo.c.obj
                0x10007714                tu_fifo_write_n
 .text.tu_fifo_clear
                0x1000788c       0x40 CMakeFiles/Z80DevBoard.dir/pico-sdk/lib/tinyusb/src/common/tusb_fifo.c.obj
                0x1000788c                tu_fifo_clear
 .text.tu_fifo_set_overwritable
                0x100078cc       0x48 CMakeFiles/Z80DevBoard.dir/pico-sdk/lib/tinyusb/src/common/tusb_fifo.c.obj
                0x100078cc                tu_fifo_set_overwritable
 .text.calloc   0x10007914       0x18 C:/Users/Gianl/.pico-sdk/toolchain/13_2_Rel1/bin/../lib/gcc/arm-none-eabi/13.2.1/thumb/v6-m/nofp\libg.a(libc_a-calloc.o)
                0x10007914                calloc
 .text._calloc_r
                0x1000792c       0xa8 C:/Users/Gianl/.pico-sdk/toolchain/13_2_Rel1/bin/../lib/gcc/arm-none-eabi/13.2.1/thumb/v6-m/nofp\libg.a(libc_a-callocr.o)
                0x1000792c                _calloc_r
 .text.malloc   0x100079d4       0x14 C:/Users/Gianl/.pico-sdk/toolchain/13_2_Rel1/bin/../lib/gcc/arm-none-eabi/13.2.1/thumb/v6-m/nofp\libg.a(libc_a-malloc.o)
                0x100079d4                malloc
 .text.free     0x100079e8       0x14 C:/Users/Gianl/.pico-sdk/toolchain/13_2_Rel1/bin/../lib/gcc/arm-none-eabi/13.2.1/thumb/v6-m/nofp\libg.a(libc_a-malloc.o)
                0x100079e8                free
 .text._malloc_r
                0x100079fc      0x5c4 C:/Users/Gianl/.pico-sdk/toolchain/13_2_Rel1/bin/../lib/gcc/arm-none-eabi/13.2.1/thumb/v6-m/nofp\libg.a(libc_a-mallocr.o)
                0x100079fc                _malloc_r
 .text.__malloc_lock
                0x10007fc0       0x10 C:/Users/Gianl/.pico-sdk/toolchain/13_2_Rel1/bin/../lib/gcc/arm-none-eabi/13.2.1/thumb/v6-m/nofp\libg.a(libc_a-mlock.o)
                0x10007fc0                __malloc_lock
 .text.__malloc_unlock
                0x10007fd0       0x10 C:/Users/Gianl/.pico-sdk/toolchain/13_2_Rel1/bin/../lib/gcc/arm-none-eabi/13.2.1/thumb/v6-m/nofp\libg.a(libc_a-mlock.o)
                0x10007fd0                __malloc_unlock
 .text._strtoul_l.isra.0
                0x10007fe0      0x144 C:/Users/Gianl/.pico-sdk/toolchain/13_2_Rel1/bin/../lib/gcc/arm-none-eabi/13.2.1/thumb/v6-m/nofp\libg.a(libc_a-strtoul.o)
 .text.strtoul  0x10008124       0x18 C:/Users/Gianl/.pico-sdk/toolchain/13_2_Rel1/bin/../lib/gcc/arm-none-eabi/13.2.1/thumb/v6-m/nofp\libg.a(libc_a-strtoul.o)
                0x10008124                strtoul
 .text.strncpy  0x1000813c       0x60 C:/Users/Gianl/.pico-sdk/toolchain/13_2_Rel1/bin/../lib/gcc/arm-none-eabi/13.2.1/thumb/v6-m/nofp\libg.a(libc_a-strncpy.o)
                0x1000813c                strncpy
 .text.strtok   0x1000819c       0x14 C:/Users/Gianl/.pico-sdk/toolchain/13_2_Rel1/bin/../lib/gcc/arm-none-eabi/13.2.1/thumb/v6-m/nofp\libg.a(libc_a-strtok.o)
                0x1000819c                strtok
 .text.__strtok_r
                0x100081b0       0x64 C:/Users/Gianl/.pico-sdk/toolchain/13_2_Rel1/bin/../lib/gcc/arm-none-eabi/13.2.1/thumb/v6-m/nofp\libg.a(libc_a-strtok_r.o)
                0x100081b0                __strtok_r
 .text._sbrk_r  0x10008214       0x24 C:/Users/Gianl/.pico-sdk/toolchain/13_2_Rel1/bin/../lib/gcc/arm-none-eabi/13.2.1/thumb/v6-m/nofp\libg.a(libc_a-sbrkr.o)
                0x10008214                _sbrk_r
 .text.__errno  0x10008238        0xc C:/Users/Gianl/.pico-sdk/toolchain/13_2_Rel1/bin/../lib/gcc/arm-none-eabi/13.2.1/thumb/v6-m/nofp\libg.a(libc_a-errno.o)
                0x10008238                __errno
 .text.__retarget_lock_acquire_recursive
                0x10008244        0x4 C:/Users/Gianl/.pico-sdk/toolchain/13_2_Rel1/bin/../lib/gcc/arm-none-eabi/13.2.1/thumb/v6-m/nofp\libg.a(libc_a-lock.o)
                0x10008244                __retarget_lock_acquire_recursive
 .text.__retarget_lock_release_recursive
                0x10008248        0x4 C:/Users/Gianl/.pico-sdk/toolchain/13_2_Rel1/bin/../lib/gcc/arm-none-eabi/13.2.1/thumb/v6-m/nofp\libg.a(libc_a-lock.o)
                0x10008248                __retarget_lock_release_recursive
 .text.sysconf  0x1000824c       0x1c C:/Users/Gianl/.pico-sdk/toolchain/13_2_Rel1/bin/../lib/gcc/arm-none-eabi/13.2.1/thumb/v6-m/nofp\libg.a(libc_a-sysconf.o)
                0x1000824c                sysconf
 .text          0x10008268       0x88 C:/Users/Gianl/.pico-sdk/toolchain/13_2_Rel1/bin/../lib/gcc/arm-none-eabi/13.2.1/thumb/v6-m/nofp\libg.a(libc_a-strcmp.o)
                0x10008268                strcmp
 .text.strlen   0x100082f0       0x5c C:/Users/Gianl/.pico-sdk/toolchain/13_2_Rel1/bin/../lib/gcc/arm-none-eabi/13.2.1/thumb/v6-m/nofp\libg.a(libc_a-strlen-stub.o)
                0x100082f0                strlen
 .text._malloc_trim_r
                0x1000834c       0xb4 C:/Users/Gianl/.pico-sdk/toolchain/13_2_Rel1/bin/../lib/gcc/arm-none-eabi/13.2.1/thumb/v6-m/nofp\libg.a(libc_a-freer.o)
                0x1000834c                _malloc_trim_r
 .text._free_r  0x10008400      0x1d4 C:/Users/Gianl/.pico-sdk/toolchain/13_2_Rel1/bin/../lib/gcc/arm-none-eabi/13.2.1/thumb/v6-m/nofp\libg.a(libc_a-freer.o)
                0x10008400                _free_r
 *(.fini)
 .fini          0x100085d4        0x4 C:/Users/Gianl/.pico-sdk/toolchain/13_2_Rel1/bin/../lib/gcc/arm-none-eabi/13.2.1/thumb/v6-m/nofp/crti.o
                0x100085d4                _fini
 .fini.__stub   0x100085d8       0xe0 linker stubs
 *crtbegin.o(.ctors)
 *crtbegin?.o(.ctors)
 *(EXCLUDE_FILE(*crtend.o *crtend?.o) .ctors)
 *(SORT_BY_NAME(.ctors.*))
 *(.ctors)
 *crtbegin.o(.dtors)
 *crtbegin?.o(.dtors)
 *(EXCLUDE_FILE(*crtend.o *crtend?.o) .dtors)
 *(SORT_BY_NAME(.dtors.*))
 *(.dtors)
                0x100086b8                        . = ALIGN (0x4)
                0x100086b8                        PROVIDE (__preinit_array_start = .)
 *(SORT_BY_NAME(.preinit_array.*))
 .preinit_array.00100
                0x100086b8        0x4 CMakeFiles/Z80DevBoard.dir/pico-sdk/src/rp2_common/pico_runtime_init/runtime_init.c.obj
                0x100086b8                __pre_init_runtime_init_early_resets
 .preinit_array.00101
                0x100086bc        0x4 CMakeFiles/Z80DevBoard.dir/pico-sdk/src/rp2_common/pico_runtime_init/runtime_init.c.obj
                0x100086bc                __pre_init_runtime_init_usb_power_down
 .preinit_array.00275
                0x100086c0        0x4 CMakeFiles/Z80DevBoard.dir/pico-sdk/src/rp2_common/pico_bit_ops/bit_ops_aeabi.S.obj
 .preinit_array.00300
                0x100086c4        0x4 CMakeFiles/Z80DevBoard.dir/pico-sdk/src/rp2_common/pico_mem_ops/mem_ops_aeabi.S.obj
 .preinit_array.00350
                0x100086c8        0x4 CMakeFiles/Z80DevBoard.dir/pico-sdk/src/rp2_common/pico_double/double_aeabi_rp2040.S.obj
 .preinit_array.00350
                0x100086cc        0x4 CMakeFiles/Z80DevBoard.dir/pico-sdk/src/rp2_common/pico_float/float_aeabi_rp2040.S.obj
 .preinit_array.00500
                0x100086d0        0x4 CMakeFiles/Z80DevBoard.dir/pico-sdk/src/rp2_common/pico_runtime_init/runtime_init.c.obj
                0x100086d0                __pre_init_runtime_init_clocks
 .preinit_array.00600
                0x100086d4        0x4 CMakeFiles/Z80DevBoard.dir/pico-sdk/src/rp2_common/pico_runtime_init/runtime_init.c.obj
                0x100086d4                __pre_init_runtime_init_post_clock_resets
 .preinit_array.00700
                0x100086d8        0x4 CMakeFiles/Z80DevBoard.dir/pico-sdk/src/rp2_common/pico_runtime_init/runtime_init.c.obj
                0x100086d8                __pre_init_runtime_init_rp2040_gpio_ie_disable
 .preinit_array.01000
                0x100086dc        0x4 CMakeFiles/Z80DevBoard.dir/pico-sdk/src/rp2_common/pico_runtime_init/runtime_init.c.obj
                0x100086dc                __pre_init_runtime_init_spin_locks_reset
 .preinit_array.01100
                0x100086e0        0x4 CMakeFiles/Z80DevBoard.dir/pico-sdk/src/common/pico_sync/mutex.c.obj
                0x100086e0                __pre_init_runtime_init_mutex
 .preinit_array.10080
                0x100086e4        0x4 CMakeFiles/Z80DevBoard.dir/pico-sdk/src/rp2_common/pico_runtime_init/runtime_init.c.obj
                0x100086e4                __pre_init_runtime_init_install_ram_vector_table
 .preinit_array.11000
                0x100086e8        0x4 CMakeFiles/Z80DevBoard.dir/pico-sdk/src/common/pico_time/time.c.obj
                0x100086e8                __pre_init_runtime_init_default_alarm_pool
 .preinit_array.YYYYY
                0x100086ec        0x4 CMakeFiles/Z80DevBoard.dir/pico-sdk/src/rp2_common/pico_runtime/runtime.c.obj
                0x100086ec                __pre_init_first_per_core_initializer
 .preinit_array.ZZZZZ.01200
                0x100086f0        0x4 CMakeFiles/Z80DevBoard.dir/pico-sdk/src/rp2_common/hardware_irq/irq.c.obj
                0x100086f0                __pre_init_runtime_init_per_core_irq_priorities
 *(.preinit_array)
                0x100086f4                        PROVIDE (__preinit_array_end = .)
                0x100086f4                        . = ALIGN (0x4)
                0x100086f4                        PROVIDE (__init_array_start = .)
 *(SORT_BY_NAME(.init_array.*))
 .init_array.01000
                0x100086f4        0x4 CMakeFiles/Z80DevBoard.dir/pico-sdk/src/rp2_common/pico_unique_id/unique_id.c.obj
 *(.init_array)
 .init_array    0x100086f8        0x4 C:/Users/Gianl/.pico-sdk/toolchain/13_2_Rel1/bin/../lib/gcc/arm-none-eabi/13.2.1/thumb/v6-m/nofp/crtbegin.o
                0x100086fc                        PROVIDE (__init_array_end = .)
                0x100086fc                        . = ALIGN (0x4)
                [!provide]                        PROVIDE (__fini_array_start = .)
 *(SORT_BY_NAME(.fini_array.*))
 *(.fini_array)
                [!provide]                        PROVIDE (__fini_array_end = .)
 *(.eh_frame*)
 .eh_frame      0x100086fc        0x0 C:/Users/Gianl/.pico-sdk/toolchain/13_2_Rel1/bin/../lib/gcc/arm-none-eabi/13.2.1/thumb/v6-m/nofp/crtbegin.o
                0x100086fc                        . = ALIGN (0x4)

.glue_7         0x100086fc        0x0
 .glue_7        0x100086fc        0x0 linker stubs

.glue_7t        0x100086fc        0x0
 .glue_7t       0x100086fc        0x0 linker stubs

.vfp11_veneer   0x100086fc        0x0
 .vfp11_veneer  0x100086fc        0x0 linker stubs

.v4_bx          0x100086fc        0x0
 .v4_bx         0x100086fc        0x0 linker stubs

.iplt           0x100086fc        0x0
 .iplt          0x100086fc        0x0 C:/Users/Gianl/.pico-sdk/toolchain/13_2_Rel1/bin/../lib/gcc/arm-none-eabi/13.2.1/thumb/v6-m/nofp/crtbegin.o

.rodata         0x10008700      0x9b0
 *(EXCLUDE_FILE(*libm.a: *libc.a:*lib_a-mem*.o *libgcc.a:) .rodata*)
 .rodata.sendBusReqAndWaitBusAck.str1.4
                0x10008700      0x404 CMakeFiles/Z80DevBoard.dir/firmware.c.obj
                                 0x17 (size before relaxing)
 .rodata.setup.str1.4
                0x10008b04      0x165 CMakeFiles/Z80DevBoard.dir/firmware.c.obj
 .rodata.loop.str1.4
                0x10008b04        0x6 CMakeFiles/Z80DevBoard.dir/firmware.c.obj
 .rodata.uartProcessCommand.str1.4
                0x10008b04      0x101 CMakeFiles/Z80DevBoard.dir/uart.c.obj
 .rodata.panic.str1.4
                0x10008b04       0x12 CMakeFiles/Z80DevBoard.dir/pico-sdk/src/rp2_common/pico_platform_panic/panic.c.obj
 .rodata.spin_lock_claim_unused.str1.4
                0x10008b04       0x1b CMakeFiles/Z80DevBoard.dir/pico-sdk/src/rp2_common/hardware_sync/sync.c.obj
 .rodata.user_irq_claim_unused.str1.4
                0x10008b04       0x1b CMakeFiles/Z80DevBoard.dir/pico-sdk/src/rp2_common/hardware_irq/irq.c.obj
 .rodata.timer_hardware_alarm_claim.str1.4
                0x10008b04       0x22 CMakeFiles/Z80DevBoard.dir/pico-sdk/src/rp2_common/hardware_timer/timer.c.obj
 .rodata.hard_assertion_failure.str1.4
                0x10008b04        0xc CMakeFiles/Z80DevBoard.dir/pico-sdk/src/rp2_common/pico_runtime/runtime.c.obj
 .rodata.__wrap_malloc.str1.4
                0x10008b04        0xe CMakeFiles/Z80DevBoard.dir/pico-sdk/src/rp2_common/pico_malloc/malloc.c.obj
 .rodata.str1.4
                0x10008b04       0x40 CMakeFiles/Z80DevBoard.dir/pico-sdk/src/rp2_common/pico_standard_binary_info/standard_binary_info.c.obj
 .rodata.__bi_84
                0x10008b04        0xc CMakeFiles/Z80DevBoard.dir/pico-sdk/src/rp2_common/pico_standard_binary_info/standard_binary_info.c.obj
 .rodata.__bi_78
                0x10008b10        0xc CMakeFiles/Z80DevBoard.dir/pico-sdk/src/rp2_common/pico_standard_binary_info/standard_binary_info.c.obj
 .rodata.__bi_54
                0x10008b1c        0xc CMakeFiles/Z80DevBoard.dir/pico-sdk/src/rp2_common/pico_standard_binary_info/standard_binary_info.c.obj
 .rodata.__bi_48
                0x10008b28        0xc CMakeFiles/Z80DevBoard.dir/pico-sdk/src/rp2_common/pico_standard_binary_info/standard_binary_info.c.obj
 .rodata.__bi_42
                0x10008b34        0xc CMakeFiles/Z80DevBoard.dir/pico-sdk/src/rp2_common/pico_standard_binary_info/standard_binary_info.c.obj
 .rodata.__bi_34
                0x10008b40        0xc CMakeFiles/Z80DevBoard.dir/pico-sdk/src/rp2_common/pico_standard_binary_info/standard_binary_info.c.obj
 .rodata.__bi_26
                0x10008b4c        0xc CMakeFiles/Z80DevBoard.dir/pico-sdk/src/rp2_common/pico_standard_binary_info/standard_binary_info.c.obj
 .rodata._ftoa.str1.4
                0x10008b58       0x15 CMakeFiles/Z80DevBoard.dir/pico-sdk/src/rp2_common/pico_printf/printf.c.obj
 .rodata._vsnprintf
                0x10008b58      0x19c CMakeFiles/Z80DevBoard.dir/pico-sdk/src/rp2_common/pico_printf/printf.c.obj
 *fill*         0x10008cf4        0x4 
 .rodata.pow10.0
                0x10008cf8       0x50 CMakeFiles/Z80DevBoard.dir/pico-sdk/src/rp2_common/pico_printf/printf.c.obj
 .rodata.crlf_str.0
                0x10008d48        0x2 CMakeFiles/Z80DevBoard.dir/pico-sdk/src/rp2_common/pico_stdio/stdio.c.obj
 *fill*         0x10008d4a        0x2 
 .rodata._resetd_driver
                0x10008d4c       0x20 CMakeFiles/Z80DevBoard.dir/pico-sdk/src/rp2_common/pico_stdio_usb/reset_interface.c.obj
 .rodata.desc_ms_os_20
                0x10008d6c       0xa6 CMakeFiles/Z80DevBoard.dir/pico-sdk/src/rp2_common/pico_stdio_usb/reset_interface.c.obj
 *fill*         0x10008e12        0x2 
 .rodata.desc_bos
                0x10008e14       0x21 CMakeFiles/Z80DevBoard.dir/pico-sdk/src/rp2_common/pico_stdio_usb/reset_interface.c.obj
                0x10008e14                desc_bos
 .rodata.str1.4
                0x10008e35       0x13 CMakeFiles/Z80DevBoard.dir/pico-sdk/src/rp2_common/pico_stdio_usb/stdio_usb.c.obj
 *fill*         0x10008e35        0x3 
 .rodata.__bi_202.0
                0x10008e38        0xc CMakeFiles/Z80DevBoard.dir/pico-sdk/src/rp2_common/pico_stdio_usb/stdio_usb.c.obj
 .rodata.str1.4
                0x10008e44       0x2a CMakeFiles/Z80DevBoard.dir/pico-sdk/src/rp2_common/pico_stdio_usb/stdio_usb_descriptors.c.obj
 .rodata.usbd_desc_str
                0x10008e44       0x18 CMakeFiles/Z80DevBoard.dir/pico-sdk/src/rp2_common/pico_stdio_usb/stdio_usb_descriptors.c.obj
 .rodata.usbd_desc_cfg
                0x10008e5c       0x54 CMakeFiles/Z80DevBoard.dir/pico-sdk/src/rp2_common/pico_stdio_usb/stdio_usb_descriptors.c.obj
 .rodata.usbd_desc_device
                0x10008eb0       0x12 CMakeFiles/Z80DevBoard.dir/pico-sdk/src/rp2_common/pico_stdio_usb/stdio_usb_descriptors.c.obj
 .rodata.str1.4
                0x10008ec2       0x14 CMakeFiles/Z80DevBoard.dir/pico-sdk/lib/tinyusb/src/portable/raspberrypi/rp2040/dcd_rp2040.c.obj
 .rodata.str1.4
                0x10008ec2       0x48 CMakeFiles/Z80DevBoard.dir/pico-sdk/lib/tinyusb/src/portable/raspberrypi/rp2040/rp2040_usb.c.obj
 *fill*         0x10008ec2        0x2 
 .rodata.tud_task_ext
                0x10008ec4       0x8c CMakeFiles/Z80DevBoard.dir/pico-sdk/lib/tinyusb/src/device/usbd.c.obj
 .rodata        0x10008f50       0x1c CMakeFiles/Z80DevBoard.dir/pico-sdk/lib/tinyusb/src/device/usbd.c.obj
 .rodata._usbd_driver
                0x10008f6c       0x40 CMakeFiles/Z80DevBoard.dir/pico-sdk/lib/tinyusb/src/device/usbd.c.obj
 .rodata._ctype_
                0x10008fac      0x101 C:/Users/Gianl/.pico-sdk/toolchain/13_2_Rel1/bin/../lib/gcc/arm-none-eabi/13.2.1/thumb/v6-m/nofp\libg.a(libc_a-ctype_.o)
                0x10008fac                _ctype_
                0x100090b0                        . = ALIGN (0x4)
 *fill*         0x100090ad        0x3 
 *(SORT_BY_ALIGNMENT(SORT_BY_NAME(.flashdata*)))
                0x100090b0                        . = ALIGN (0x4)

.ARM.extab
 *(.ARM.extab* .gnu.linkonce.armextab.*)
                0x100090b0                        __exidx_start = .

.ARM.exidx
 *(.ARM.exidx* .gnu.linkonce.armexidx.*)
                0x100090b0                        __exidx_end = .
                0x100090b0                        . = ALIGN (0x4)
                0x100090b0                        __binary_info_start = .

.binary_info    0x100090b0       0x20
 *(.binary_info.keep.*)
 .binary_info.keep.__bi_ptr84
                0x100090b0        0x4 CMakeFiles/Z80DevBoard.dir/pico-sdk/src/rp2_common/pico_standard_binary_info/standard_binary_info.c.obj
 .binary_info.keep.__bi_ptr78
                0x100090b4        0x4 CMakeFiles/Z80DevBoard.dir/pico-sdk/src/rp2_common/pico_standard_binary_info/standard_binary_info.c.obj
 .binary_info.keep.__bi_ptr54
                0x100090b8        0x4 CMakeFiles/Z80DevBoard.dir/pico-sdk/src/rp2_common/pico_standard_binary_info/standard_binary_info.c.obj
 .binary_info.keep.__bi_ptr48
                0x100090bc        0x4 CMakeFiles/Z80DevBoard.dir/pico-sdk/src/rp2_common/pico_standard_binary_info/standard_binary_info.c.obj
 .binary_info.keep.__bi_ptr42
                0x100090c0        0x4 CMakeFiles/Z80DevBoard.dir/pico-sdk/src/rp2_common/pico_standard_binary_info/standard_binary_info.c.obj
 .binary_info.keep.__bi_ptr34
                0x100090c4        0x4 CMakeFiles/Z80DevBoard.dir/pico-sdk/src/rp2_common/pico_standard_binary_info/standard_binary_info.c.obj
 .binary_info.keep.__bi_ptr26
                0x100090c8        0x4 CMakeFiles/Z80DevBoard.dir/pico-sdk/src/rp2_common/pico_standard_binary_info/standard_binary_info.c.obj
 *(.binary_info.*)
 .binary_info.__bi_ptr202
                0x100090cc        0x4 CMakeFiles/Z80DevBoard.dir/pico-sdk/src/rp2_common/pico_stdio_usb/stdio_usb.c.obj
                0x100090d0                        __binary_info_end = .
                0x100090d0                        . = ALIGN (0x4)

.ram_vector_table
                0x20000000       0xc0
 *(.ram_vector_table)
 .ram_vector_table
                0x20000000       0xc0 CMakeFiles/Z80DevBoard.dir/pico-sdk/src/rp2_common/pico_runtime_init/runtime_init.c.obj
                0x20000000                ram_vector_table

.uninitialized_data
                0x200000c0        0x0
                0x200000c0                        . = ALIGN (0x4)
 *(.uninitialized_data*)

.data           0x200000c0     0x1618 load address 0x100090d0
                0x200000c0                        __data_start__ = .
 *(vtable)
 *(.time_critical*)
 .time_critical.mutex_try_enter
                0x200000c0       0x40 CMakeFiles/Z80DevBoard.dir/pico-sdk/src/common/pico_sync/mutex.c.obj
                0x200000c0                mutex_try_enter
 .time_critical.mutex_try_enter_block_until
                0x20000100       0x9c CMakeFiles/Z80DevBoard.dir/pico-sdk/src/common/pico_sync/mutex.c.obj
                0x20000100                mutex_try_enter_block_until
 .time_critical.mutex_enter_timeout_ms
                0x2000019c       0x90 CMakeFiles/Z80DevBoard.dir/pico-sdk/src/common/pico_sync/mutex.c.obj
                0x2000019c                mutex_enter_timeout_ms
 .time_critical.mutex_exit
                0x2000022c       0x28 CMakeFiles/Z80DevBoard.dir/pico-sdk/src/common/pico_sync/mutex.c.obj
                0x2000022c                mutex_exit
 .time_critical.flash_init_boot2_copyout
                0x20000254       0x30 CMakeFiles/Z80DevBoard.dir/pico-sdk/src/rp2_common/hardware_flash/flash.c.obj
 .time_critical.flash_enable_xip_via_boot2
                0x20000284        0xc CMakeFiles/Z80DevBoard.dir/pico-sdk/src/rp2_common/hardware_flash/flash.c.obj
 .time_critical.flash_save_hardware_state
                0x20000290       0x20 CMakeFiles/Z80DevBoard.dir/pico-sdk/src/rp2_common/hardware_flash/flash.c.obj
 .time_critical.flash_restore_hardware_state
                0x200002b0       0x20 CMakeFiles/Z80DevBoard.dir/pico-sdk/src/rp2_common/hardware_flash/flash.c.obj
 .time_critical.flash_cs_force
                0x200002d0       0x38 CMakeFiles/Z80DevBoard.dir/pico-sdk/src/rp2_common/hardware_flash/flash.c.obj
 .time_critical.flash_range_erase
                0x20000308       0x90 CMakeFiles/Z80DevBoard.dir/pico-sdk/src/rp2_common/hardware_flash/flash.c.obj
                0x20000308                flash_range_erase
 .time_critical.flash_range_program
                0x20000398       0x90 CMakeFiles/Z80DevBoard.dir/pico-sdk/src/rp2_common/hardware_flash/flash.c.obj
                0x20000398                flash_range_program
 .time_critical.flash_do_cmd
                0x20000428       0xd0 CMakeFiles/Z80DevBoard.dir/pico-sdk/src/rp2_common/hardware_flash/flash.c.obj
                0x20000428                flash_do_cmd
 .time_critical.reset_non_control_endpoints
                0x200004f8       0x68 CMakeFiles/Z80DevBoard.dir/pico-sdk/lib/tinyusb/src/portable/raspberrypi/rp2040/dcd_rp2040.c.obj
 .time_critical.hw_handle_buff_status
                0x20000560       0xa0 CMakeFiles/Z80DevBoard.dir/pico-sdk/lib/tinyusb/src/portable/raspberrypi/rp2040/dcd_rp2040.c.obj
 .time_critical.dcd_rp2040_irq
                0x20000600      0x544 CMakeFiles/Z80DevBoard.dir/pico-sdk/lib/tinyusb/src/portable/raspberrypi/rp2040/dcd_rp2040.c.obj
 .time_critical.prepare_ep_buffer
                0x20000b44       0xe0 CMakeFiles/Z80DevBoard.dir/pico-sdk/lib/tinyusb/src/portable/raspberrypi/rp2040/rp2040_usb.c.obj
 .time_critical.sync_ep_buffer
                0x20000c24       0xa8 CMakeFiles/Z80DevBoard.dir/pico-sdk/lib/tinyusb/src/portable/raspberrypi/rp2040/rp2040_usb.c.obj
 .time_critical._hw_endpoint_xfer_sync
                0x20000ccc       0x28 CMakeFiles/Z80DevBoard.dir/pico-sdk/lib/tinyusb/src/portable/raspberrypi/rp2040/rp2040_usb.c.obj
 .time_critical.e15_is_bulkin_ep
                0x20000cf4       0x28 CMakeFiles/Z80DevBoard.dir/pico-sdk/lib/tinyusb/src/portable/raspberrypi/rp2040/rp2040_usb.c.obj
 .time_critical.e15_is_critical_frame_period
                0x20000d1c       0x34 CMakeFiles/Z80DevBoard.dir/pico-sdk/lib/tinyusb/src/portable/raspberrypi/rp2040/rp2040_usb.c.obj
 .time_critical.hw_endpoint_reset_transfer
                0x20000d50        0xc CMakeFiles/Z80DevBoard.dir/pico-sdk/lib/tinyusb/src/portable/raspberrypi/rp2040/rp2040_usb.c.obj
                0x20000d50                hw_endpoint_reset_transfer
 .time_critical._hw_endpoint_buffer_control_update32
                0x20000d5c       0x50 CMakeFiles/Z80DevBoard.dir/pico-sdk/lib/tinyusb/src/portable/raspberrypi/rp2040/rp2040_usb.c.obj
                0x20000d5c                _hw_endpoint_buffer_control_update32
 .time_critical.hw_endpoint_start_next_buffer
                0x20000dac       0x6c CMakeFiles/Z80DevBoard.dir/pico-sdk/lib/tinyusb/src/portable/raspberrypi/rp2040/rp2040_usb.c.obj
                0x20000dac                hw_endpoint_start_next_buffer
 .time_critical.hw_endpoint_xfer_continue
                0x20000e18       0x40 CMakeFiles/Z80DevBoard.dir/pico-sdk/lib/tinyusb/src/portable/raspberrypi/rp2040/rp2040_usb.c.obj
                0x20000e18                hw_endpoint_xfer_continue
 .time_critical.tinyusb
                0x20000e58      0x1e4 CMakeFiles/Z80DevBoard.dir/pico-sdk/lib/tinyusb/src/device/usbd.c.obj
                0x20000e58                dcd_event_handler
 *(.text*)
 .text          0x2000103c        0x4 C:/Users/Gianl/.pico-sdk/toolchain/13_2_Rel1/bin/../lib/gcc/arm-none-eabi/13.2.1/thumb/v6-m/nofp\libgcc.a(_dvmd_tls.o)
                0x2000103c                __aeabi_idiv0
                0x2000103c                __aeabi_ldiv0
 .text.__stub   0x20001040       0x90 linker stubs
                0x200010d0                        . = ALIGN (0x4)
 *(.rodata*)
                0x200010d0                        . = ALIGN (0x4)
 *(.data*)
 .data.striped_spin_lock_num
                0x200010d0        0x1 CMakeFiles/Z80DevBoard.dir/pico-sdk/src/rp2_common/hardware_sync/sync.c.obj
 *fill*         0x200010d1        0x3 
 .data          0x200010d4       0x48 CMakeFiles/Z80DevBoard.dir/pico-sdk/src/rp2_common/hardware_irq/irq_handler_chain.S.obj
                0x200010d4                irq_handler_chain_slots
                0x20001104                irq_handler_chain_first_slot
                0x2000110e                irq_handler_chain_remove_tail
 .data.default_alarm_pool
                0x2000111c       0x18 CMakeFiles/Z80DevBoard.dir/pico-sdk/src/common/pico_time/time.c.obj
 *fill*         0x20001134        0xc 
 .data.aeabi_bits_funcs
                0x20001140       0x10 CMakeFiles/Z80DevBoard.dir/pico-sdk/src/rp2_common/pico_bit_ops/bit_ops_aeabi.S.obj
                0x20001140                aeabi_bits_funcs
                0x20001150                aeabi_bits_funcs_end
 .data.aeabi_mem_funcs
                0x20001150       0x10 CMakeFiles/Z80DevBoard.dir/pico-sdk/src/rp2_common/pico_mem_ops/mem_ops_aeabi.S.obj
                0x20001150                aeabi_mem_funcs
                0x20001160                aeabi_mem_funcs_end
 .data.stdio_usb
                0x20001160       0x18 CMakeFiles/Z80DevBoard.dir/pico-sdk/src/rp2_common/pico_stdio_usb/stdio_usb.c.obj
                0x20001160                stdio_usb
 .data._usbd_qdef
                0x20001178       0x1c CMakeFiles/Z80DevBoard.dir/pico-sdk/lib/tinyusb/src/device/usbd.c.obj
                0x20001178                _usbd_qdef
 .data._usbd_rhport
                0x20001194        0x1 CMakeFiles/Z80DevBoard.dir/pico-sdk/lib/tinyusb/src/device/usbd.c.obj
 *fill*         0x20001195        0x3 
 .data.__malloc_sbrk_base
                0x20001198        0x4 C:/Users/Gianl/.pico-sdk/toolchain/13_2_Rel1/bin/../lib/gcc/arm-none-eabi/13.2.1/thumb/v6-m/nofp\libg.a(libc_a-mallocr.o)
                0x20001198                __malloc_sbrk_base
 .data.__malloc_trim_threshold
                0x2000119c        0x4 C:/Users/Gianl/.pico-sdk/toolchain/13_2_Rel1/bin/../lib/gcc/arm-none-eabi/13.2.1/thumb/v6-m/nofp\libg.a(libc_a-mallocr.o)
                0x2000119c                __malloc_trim_threshold
 .data.__malloc_av_
                0x200011a0      0x408 C:/Users/Gianl/.pico-sdk/toolchain/13_2_Rel1/bin/../lib/gcc/arm-none-eabi/13.2.1/thumb/v6-m/nofp\libg.a(libc_a-mallocr.o)
                0x200011a0                __malloc_av_
 .data._impure_ptr
                0x200015a8        0x4 C:/Users/Gianl/.pico-sdk/toolchain/13_2_Rel1/bin/../lib/gcc/arm-none-eabi/13.2.1/thumb/v6-m/nofp\libg.a(libc_a-impure.o)
                0x200015a8                _impure_ptr
 *fill*         0x200015ac        0x4 
 .data._impure_data
                0x200015b0      0x120 C:/Users/Gianl/.pico-sdk/toolchain/13_2_Rel1/bin/../lib/gcc/arm-none-eabi/13.2.1/thumb/v6-m/nofp\libg.a(libc_a-impure.o)
                0x200015b0                _impure_data
                0x200016d0                        . = ALIGN (0x4)
 *(.after_data.*)
                0x200016d0                        . = ALIGN (0x4)
                0x200016d0                        PROVIDE (__mutex_array_start = .)
 *(SORT_BY_NAME(.mutex_array.*))
 *(.mutex_array)
 .mutex_array   0x200016d0        0x8 CMakeFiles/Z80DevBoard.dir/pico-sdk/src/rp2_common/pico_stdio/stdio.c.obj
                0x200016d8                        PROVIDE (__mutex_array_end = .)
                0x200016d8                        . = ALIGN (0x4)
 *(.jcr)
                0x200016d8                        . = ALIGN (0x4)

.tm_clone_table
                0x200016d8        0x0 load address 0x1000a6e8
 .tm_clone_table
                0x200016d8        0x0 C:/Users/Gianl/.pico-sdk/toolchain/13_2_Rel1/bin/../lib/gcc/arm-none-eabi/13.2.1/thumb/v6-m/nofp/crtbegin.o
 .tm_clone_table
                0x200016d8        0x0 C:/Users/Gianl/.pico-sdk/toolchain/13_2_Rel1/bin/../lib/gcc/arm-none-eabi/13.2.1/thumb/v6-m/nofp/crtend.o

.igot.plt       0x200016d8        0x0 load address 0x1000a6e8
 .igot.plt      0x200016d8        0x0 C:/Users/Gianl/.pico-sdk/toolchain/13_2_Rel1/bin/../lib/gcc/arm-none-eabi/13.2.1/thumb/v6-m/nofp/crtbegin.o

.tdata          0x200016d8        0x0 load address 0x1000a6e8
                0x200016d8                        . = ALIGN (0x4)
 *(.tdata .tdata.* .gnu.linkonce.td.*)
                0x200016d8                        __tdata_end = .
                0x200016d8                        PROVIDE (__data_end__ = .)
                0x100090d0                        __etext = LOADADDR (.data)

.tbss           0x200016d8        0x0 load address 0x1000a6e8
                0x200016d8                        . = ALIGN (0x4)
                0x200016d8                        __bss_start__ = .
                0x200016d8                        __tls_base = .
 *(.tbss .tbss.* .gnu.linkonce.tb.*)
 *(.tcommon)
                0x200016d8                        __tls_end = .

.bss            0x200016d8     0x1074 load address 0x1000a6e8
                0x200016d8                        . = ALIGN (0x4)
                0x200016d8                        __tbss_end = .
 *(SORT_BY_ALIGNMENT(SORT_BY_NAME(.bss*)))
 .bss.default_alarm_pool_entries
                0x200016d8      0x180 CMakeFiles/Z80DevBoard.dir/pico-sdk/src/common/pico_time/time.c.obj
 .bss.last_avail_time.1
                0x20001858        0x8 CMakeFiles/Z80DevBoard.dir/pico-sdk/src/rp2_common/pico_stdio_usb/stdio_usb.c.obj
 .bss.sd_table  0x20001860      0x100 CMakeFiles/Z80DevBoard.dir/pico-sdk/src/rp2_common/pico_double/double_init_rom_rp2040.c.obj
                0x20001860                sd_table
 .bss.sf_table  0x20001960      0x100 CMakeFiles/Z80DevBoard.dir/pico-sdk/src/rp2_common/pico_float/float_init_rom_rp2040.c.obj
                0x20001960                sf_table
 .bss.__lock___malloc_recursive_mutex
                0x20001a60        0x1 C:/Users/Gianl/.pico-sdk/toolchain/13_2_Rel1/bin/../lib/gcc/arm-none-eabi/13.2.1/thumb/v6-m/nofp\libg.a(libc_a-lock.o)
                0x20001a60                __lock___malloc_recursive_mutex
 *fill*         0x20001a61        0x3 
 .bss.__malloc_current_mallinfo
                0x20001a64       0x28 C:/Users/Gianl/.pico-sdk/toolchain/13_2_Rel1/bin/../lib/gcc/arm-none-eabi/13.2.1/thumb/v6-m/nofp\libg.a(libc_a-mallocr.o)
                0x20001a64                __malloc_current_mallinfo
 .bss.__malloc_max_sbrked_mem
                0x20001a8c        0x4 C:/Users/Gianl/.pico-sdk/toolchain/13_2_Rel1/bin/../lib/gcc/arm-none-eabi/13.2.1/thumb/v6-m/nofp\libg.a(libc_a-mallocr.o)
                0x20001a8c                __malloc_max_sbrked_mem
 .bss.__malloc_max_total_mem
                0x20001a90        0x4 C:/Users/Gianl/.pico-sdk/toolchain/13_2_Rel1/bin/../lib/gcc/arm-none-eabi/13.2.1/thumb/v6-m/nofp\libg.a(libc_a-mallocr.o)
                0x20001a90                __malloc_max_total_mem
 .bss.__malloc_top_pad
                0x20001a94        0x4 C:/Users/Gianl/.pico-sdk/toolchain/13_2_Rel1/bin/../lib/gcc/arm-none-eabi/13.2.1/thumb/v6-m/nofp\libg.a(libc_a-mallocr.o)
                0x20001a94                __malloc_top_pad
 .bss.__sf      0x20001a98      0x138 C:/Users/Gianl/.pico-sdk/toolchain/13_2_Rel1/bin/../lib/gcc/arm-none-eabi/13.2.1/thumb/v6-m/nofp\libg.a(libc_a-findfp.o)
                0x20001a98                __sf
 .bss._app_driver
                0x20001bd0        0x4 CMakeFiles/Z80DevBoard.dir/pico-sdk/lib/tinyusb/src/device/usbd.c.obj
 .bss._cdcd_epbuf
                0x20001bd4       0x80 CMakeFiles/Z80DevBoard.dir/pico-sdk/lib/tinyusb/src/class/cdc/cdc_device.c.obj
 .bss._cdcd_fifo_cfg
                0x20001c54        0x1 CMakeFiles/Z80DevBoard.dir/pico-sdk/lib/tinyusb/src/class/cdc/cdc_device.c.obj
 *fill*         0x20001c55        0x3 
 .bss._cdcd_itf
                0x20001c58       0xc8 CMakeFiles/Z80DevBoard.dir/pico-sdk/lib/tinyusb/src/class/cdc/cdc_device.c.obj
 .bss._ctrl_epbuf
                0x20001d20       0x40 CMakeFiles/Z80DevBoard.dir/pico-sdk/lib/tinyusb/src/device/usbd_control.c.obj
 .bss._ctrl_xfer
                0x20001d60       0x14 CMakeFiles/Z80DevBoard.dir/pico-sdk/lib/tinyusb/src/device/usbd_control.c.obj
 .bss._tusb_rhport_role
                0x20001d74        0x2 CMakeFiles/Z80DevBoard.dir/pico-sdk/lib/tinyusb/src/tusb.c.obj
                0x20001d74                _tusb_rhport_role
 *fill*         0x20001d76        0x2 
 .bss._ubsd_mutexdef
                0x20001d78        0x8 CMakeFiles/Z80DevBoard.dir/pico-sdk/lib/tinyusb/src/device/usbd.c.obj
 .bss._usbd_dev
                0x20001d80       0x54 CMakeFiles/Z80DevBoard.dir/pico-sdk/lib/tinyusb/src/device/usbd.c.obj
 .bss._usbd_mutex
                0x20001dd4        0x4 CMakeFiles/Z80DevBoard.dir/pico-sdk/lib/tinyusb/src/device/usbd.c.obj
 .bss._usbd_q   0x20001dd8        0x4 CMakeFiles/Z80DevBoard.dir/pico-sdk/lib/tinyusb/src/device/usbd.c.obj
 .bss._usbd_qdef_buf
                0x20001ddc       0xc0 CMakeFiles/Z80DevBoard.dir/pico-sdk/lib/tinyusb/src/device/usbd.c.obj
                0x20001ddc                _usbd_qdef_buf
 .bss._vendord_epbuf
                0x20001e9c       0x80 CMakeFiles/Z80DevBoard.dir/pico-sdk/lib/tinyusb/src/class/vendor/vendor_device.c.obj
 .bss._vendord_itf
                0x20001f1c      0x24c CMakeFiles/Z80DevBoard.dir/pico-sdk/lib/tinyusb/src/class/vendor/vendor_device.c.obj
 .bss.boot2_copyout
                0x20002168      0x100 CMakeFiles/Z80DevBoard.dir/pico-sdk/src/rp2_common/hardware_flash/flash.c.obj
 .bss.chars_available_callback
                0x20002268        0x4 CMakeFiles/Z80DevBoard.dir/pico-sdk/src/rp2_common/pico_stdio_usb/stdio_usb.c.obj
 .bss.chars_available_param
                0x2000226c        0x4 CMakeFiles/Z80DevBoard.dir/pico-sdk/src/rp2_common/pico_stdio_usb/stdio_usb.c.obj
 .bss.claimed   0x20002270        0x4 CMakeFiles/Z80DevBoard.dir/pico-sdk/src/rp2_common/hardware_sync/sync.c.obj
 .bss.claimed   0x20002274        0x1 CMakeFiles/Z80DevBoard.dir/pico-sdk/src/rp2_common/hardware_timer/timer.c.obj
 *fill*         0x20002275        0x3 
 .bss.configured_freq
                0x20002278       0x28 CMakeFiles/Z80DevBoard.dir/pico-sdk/src/rp2_common/hardware_clocks/clocks.c.obj
 .bss.desc_str.0
                0x200022a0       0x28 CMakeFiles/Z80DevBoard.dir/pico-sdk/src/rp2_common/pico_stdio_usb/stdio_usb_descriptors.c.obj
 .bss.drivers   0x200022c8        0x4 CMakeFiles/Z80DevBoard.dir/pico-sdk/src/rp2_common/pico_stdio/stdio.c.obj
 .bss.e15_last_sof
                0x200022cc        0x4 CMakeFiles/Z80DevBoard.dir/pico-sdk/lib/tinyusb/src/portable/raspberrypi/rp2040/rp2040_usb.c.obj
                0x200022cc                e15_last_sof
 .bss.errno     0x200022d0        0x4 C:/Users/Gianl/.pico-sdk/toolchain/13_2_Rel1/bin/../lib/gcc/arm-none-eabi/13.2.1/thumb/v6-m/nofp\libg.a(libc_a-reent.o)
                0x200022d0                errno
 .bss.filter    0x200022d4        0x4 CMakeFiles/Z80DevBoard.dir/pico-sdk/src/rp2_common/pico_stdio/stdio.c.obj
 .bss.heap_end.0
                0x200022d8        0x4 CMakeFiles/Z80DevBoard.dir/pico-sdk/src/rp2_common/pico_clib_interface/newlib_interface.c.obj
 .bss.hw_endpoints
                0x200022dc      0x400 CMakeFiles/Z80DevBoard.dir/pico-sdk/lib/tinyusb/src/portable/raspberrypi/rp2040/dcd_rp2040.c.obj
 .bss.lazy_vsnprintf
                0x200026dc        0x4 CMakeFiles/Z80DevBoard.dir/pico-sdk/src/rp2_common/pico_printf/printf.c.obj
 .bss.load_value
                0x200026e0        0x4 CMakeFiles/Z80DevBoard.dir/pico-sdk/src/rp2_common/hardware_watchdog/watchdog.c.obj
 .bss.next_buffer_ptr
                0x200026e4        0x4 CMakeFiles/Z80DevBoard.dir/pico-sdk/lib/tinyusb/src/portable/raspberrypi/rp2040/dcd_rp2040.c.obj
 .bss.object.0  0x200026e8       0x18 C:/Users/Gianl/.pico-sdk/toolchain/13_2_Rel1/bin/../lib/gcc/arm-none-eabi/13.2.1/thumb/v6-m/nofp/crtbegin.o
 .bss.one_shot_timer_crit_sec
                0x20002700        0x8 CMakeFiles/Z80DevBoard.dir/pico-sdk/src/rp2_common/pico_stdio_usb/stdio_usb.c.obj
 .bss.pools     0x20002708       0x10 CMakeFiles/Z80DevBoard.dir/pico-sdk/src/common/pico_time/time.c.obj
 .bss.retrieved_id
                0x20002718        0x8 CMakeFiles/Z80DevBoard.dir/pico-sdk/src/rp2_common/pico_unique_id/unique_id.c.obj
 .bss.sf_clz_func
                0x20002720        0x4 CMakeFiles/Z80DevBoard.dir/pico-sdk/src/rp2_common/pico_double/double_init_rom_rp2040.c.obj
                0x20002720                sf_clz_func
 .bss.sleep_notifier
                0x20002724        0x4 CMakeFiles/Z80DevBoard.dir/pico-sdk/src/common/pico_time/time.c.obj
 .bss.stdio_usb_mutex
                0x20002728        0x8 CMakeFiles/Z80DevBoard.dir/pico-sdk/src/rp2_common/pico_stdio_usb/stdio_usb.c.obj
 .bss.usbd_serial_str
                0x20002730       0x11 CMakeFiles/Z80DevBoard.dir/pico-sdk/src/rp2_common/pico_stdio_usb/stdio_usb_descriptors.c.obj
 .bss._app_driver_count
                0x20002741        0x1 CMakeFiles/Z80DevBoard.dir/pico-sdk/lib/tinyusb/src/device/usbd.c.obj
 .bss._sof_enable
                0x20002742        0x1 CMakeFiles/Z80DevBoard.dir/pico-sdk/lib/tinyusb/src/portable/raspberrypi/rp2040/dcd_rp2040.c.obj
 .bss._usbd_queued_setup
                0x20002743        0x1 CMakeFiles/Z80DevBoard.dir/pico-sdk/lib/tinyusb/src/device/usbd.c.obj
 .bss.boot2_copyout_valid
                0x20002744        0x1 CMakeFiles/Z80DevBoard.dir/pico-sdk/src/rp2_common/hardware_flash/flash.c.obj
 .bss.irq_handler_chain_free_slot_head
                0x20002745        0x1 CMakeFiles/Z80DevBoard.dir/pico-sdk/src/rp2_common/hardware_irq/irq.c.obj
 .bss.itf_num   0x20002746        0x1 CMakeFiles/Z80DevBoard.dir/pico-sdk/src/rp2_common/pico_stdio_usb/reset_interface.c.obj
 .bss.low_priority_irq_num
                0x20002747        0x1 CMakeFiles/Z80DevBoard.dir/pico-sdk/src/rp2_common/pico_stdio_usb/stdio_usb.c.obj
 .bss.one_shot_timer_pending
                0x20002748        0x1 CMakeFiles/Z80DevBoard.dir/pico-sdk/src/rp2_common/pico_stdio_usb/stdio_usb.c.obj
 .bss.user_irq_claimed
                0x20002749        0x1 CMakeFiles/Z80DevBoard.dir/pico-sdk/src/rp2_common/hardware_irq/irq.c.obj
 *(COMMON)
                0x2000274c                        . = ALIGN (0x4)
 *fill*         0x2000274a        0x2 
                0x2000274c                        __bss_end__ = .

.heap           0x2000274c      0x800 load address 0x1000a6e8
                0x2000274c                        __end__ = .
                0x2000274c                        end = __end__
 *(.heap*)
 .heap          0x2000274c      0x800 CMakeFiles/Z80DevBoard.dir/pico-sdk/src/rp2_common/pico_crt0/crt0.S.obj
                0x20040000                        __HeapLimit = (ORIGIN (RAM) + LENGTH (RAM))

.scratch_x      0x20040000        0x0 load address 0x1000a6e8
                0x20040000                        __scratch_x_start__ = .
 *(.scratch_x.*)
                0x20040000                        . = ALIGN (0x4)
                0x20040000                        __scratch_x_end__ = .
                0x1000a6e8                        __scratch_x_source__ = LOADADDR (.scratch_x)

.scratch_y      0x20041000        0x0 load address 0x1000a6e8
                0x20041000                        __scratch_y_start__ = .
 *(.scratch_y.*)
                0x20041000                        . = ALIGN (0x4)
                0x20041000                        __scratch_y_end__ = .
                0x1000a6e8                        __scratch_y_source__ = LOADADDR (.scratch_y)

.stack1_dummy
 *(.stack1*)

.stack_dummy    0x20041000      0x800
 *(.stack*)
 .stack         0x20041000      0x800 CMakeFiles/Z80DevBoard.dir/pico-sdk/src/rp2_common/pico_crt0/crt0.S.obj

.rel.dyn        0x20041800        0x0
 .rel.iplt      0x20041800        0x0 C:/Users/Gianl/.pico-sdk/toolchain/13_2_Rel1/bin/../lib/gcc/arm-none-eabi/13.2.1/thumb/v6-m/nofp/crtbegin.o

.flash_end      0x1000a6e8        0x0
 *(.embedded_end_block*)
                0x1000a6e8                        PROVIDE (__flash_binary_end = .)
                0x20040000                        __StackLimit = (ORIGIN (RAM) + LENGTH (RAM))
                0x20041000                        __StackOneTop = (ORIGIN (SCRATCH_X) + LENGTH (SCRATCH_X))
                0x20042000                        __StackTop = (ORIGIN (SCRATCH_Y) + LENGTH (SCRATCH_Y))
                0x20041000                        __StackOneBottom = (__StackOneTop - SIZEOF (.stack1_dummy))
                0x20041800                        __StackBottom = (__StackTop - SIZEOF (.stack_dummy))
                0x20042000                        PROVIDE (__stack = __StackTop)
                [!provide]                        PROVIDE (__heap_start = __end__)
                [!provide]                        PROVIDE (__heap_end = __HeapLimit)
                [!provide]                        PROVIDE (__tls_align = MAX (ALIGNOF (.tdata), ALIGNOF (.tbss)))
                [!provide]                        PROVIDE (__tls_size_align = (((__tls_size + __tls_align) - 0x1) & ~ ((__tls_align - 0x1))))
                [!provide]                        PROVIDE (__arm32_tls_tcb_offset = MAX (0x8, __tls_align))
                [!provide]                        PROVIDE (_end = __end__)
                [!provide]                        PROVIDE (__llvm_libc_heap_limit = __HeapLimit)
                0x00000001                        ASSERT ((__StackLimit >= __HeapLimit), region RAM overflowed)
                0x00000001                        ASSERT (((__binary_info_header_end - __logical_binary_start) <= 0x100), Binary info must be in first 256 bytes of the binary)
LOAD CMakeFiles/Z80DevBoard.dir/main.c.obj
LOAD CMakeFiles/Z80DevBoard.dir/firmware.c.obj
LOAD CMakeFiles/Z80DevBoard.dir/flash.c.obj
LOAD CMakeFiles/Z80DevBoard.dir/uart.c.obj
LOAD CMakeFiles/Z80DevBoard.dir/pico-sdk/src/rp2_common/pico_stdlib/stdlib.c.obj
LOAD CMakeFiles/Z80DevBoard.dir/pico-sdk/src/rp2_common/hardware_gpio/gpio.c.obj
LOAD CMakeFiles/Z80DevBoard.dir/pico-sdk/src/rp2040/pico_platform/platform.c.obj
LOAD CMakeFiles/Z80DevBoard.dir/pico-sdk/src/rp2_common/pico_platform_common/common.c.obj
LOAD CMakeFiles/Z80DevBoard.dir/pico-sdk/src/rp2_common/pico_platform_panic/panic.c.obj
LOAD CMakeFiles/Z80DevBoard.dir/pico-sdk/src/common/hardware_claim/claim.c.obj
LOAD CMakeFiles/Z80DevBoard.dir/pico-sdk/src/rp2_common/hardware_sync/sync.c.obj
LOAD CMakeFiles/Z80DevBoard.dir/pico-sdk/src/rp2_common/hardware_sync_spin_lock/sync_spin_lock.c.obj
LOAD CMakeFiles/Z80DevBoard.dir/pico-sdk/src/rp2_common/hardware_irq/irq.c.obj
LOAD CMakeFiles/Z80DevBoard.dir/pico-sdk/src/rp2_common/hardware_irq/irq_handler_chain.S.obj
LOAD CMakeFiles/Z80DevBoard.dir/pico-sdk/src/common/pico_sync/sem.c.obj
LOAD CMakeFiles/Z80DevBoard.dir/pico-sdk/src/common/pico_sync/lock_core.c.obj
LOAD CMakeFiles/Z80DevBoard.dir/pico-sdk/src/common/pico_sync/mutex.c.obj
LOAD CMakeFiles/Z80DevBoard.dir/pico-sdk/src/common/pico_sync/critical_section.c.obj
LOAD CMakeFiles/Z80DevBoard.dir/pico-sdk/src/common/pico_time/time.c.obj
LOAD CMakeFiles/Z80DevBoard.dir/pico-sdk/src/common/pico_time/timeout_helper.c.obj
LOAD CMakeFiles/Z80DevBoard.dir/pico-sdk/src/rp2_common/hardware_timer/timer.c.obj
LOAD CMakeFiles/Z80DevBoard.dir/pico-sdk/src/common/pico_util/datetime.c.obj
LOAD CMakeFiles/Z80DevBoard.dir/pico-sdk/src/common/pico_util/pheap.c.obj
LOAD CMakeFiles/Z80DevBoard.dir/pico-sdk/src/common/pico_util/queue.c.obj
LOAD CMakeFiles/Z80DevBoard.dir/pico-sdk/src/rp2_common/hardware_uart/uart.c.obj
LOAD CMakeFiles/Z80DevBoard.dir/pico-sdk/src/rp2_common/hardware_clocks/clocks.c.obj
LOAD CMakeFiles/Z80DevBoard.dir/pico-sdk/src/rp2_common/hardware_pll/pll.c.obj
LOAD CMakeFiles/Z80DevBoard.dir/pico-sdk/src/rp2_common/hardware_vreg/vreg.c.obj
LOAD CMakeFiles/Z80DevBoard.dir/pico-sdk/src/rp2_common/hardware_watchdog/watchdog.c.obj